Archive member included to satisfy reference by file (symbol)

c:/program files (x86)/embitz/2.10/share/armgcc/bin/../lib/gcc/arm-none-eabi/9.3.1/thumb/v6-m/nofp\libgcc.a(_udivsi3.o)
                              obj\debug\hal\src\stm32l0xx_hal_dma.o (__aeabi_uidiv)
c:/program files (x86)/embitz/2.10/share/armgcc/bin/../lib/gcc/arm-none-eabi/9.3.1/thumb/v6-m/nofp\libgcc.a(_divsi3.o)
                              obj\debug\src\convert.o (__aeabi_idivmod)
c:/program files (x86)/embitz/2.10/share/armgcc/bin/../lib/gcc/arm-none-eabi/9.3.1/thumb/v6-m/nofp\libgcc.a(_dvmd_tls.o)
                              c:/program files (x86)/embitz/2.10/share/armgcc/bin/../lib/gcc/arm-none-eabi/9.3.1/thumb/v6-m/nofp\libgcc.a(_udivsi3.o) (__aeabi_idiv0)
c:/program files (x86)/embitz/2.10/share/armgcc/bin/../lib/gcc/arm-none-eabi/9.3.1/thumb/v6-m/nofp\libgcc.a(_aeabi_uldivmod.o)
                              obj\debug\hal\src\stm32l0xx_hal_uart.o (__aeabi_uldivmod)
c:/program files (x86)/embitz/2.10/share/armgcc/bin/../lib/gcc/arm-none-eabi/9.3.1/thumb/v6-m/nofp\libgcc.a(_udivmoddi4.o)
                              c:/program files (x86)/embitz/2.10/share/armgcc/bin/../lib/gcc/arm-none-eabi/9.3.1/thumb/v6-m/nofp\libgcc.a(_aeabi_uldivmod.o) (__udivmoddi4)
c:/program files (x86)/embitz/2.10/share/armgcc/bin/../lib/gcc/arm-none-eabi/9.3.1/thumb/v6-m/nofp\libgcc.a(_clzdi2.o)
                              c:/program files (x86)/embitz/2.10/share/armgcc/bin/../lib/gcc/arm-none-eabi/9.3.1/thumb/v6-m/nofp\libgcc.a(_udivmoddi4.o) (__clzdi2)
c:/program files (x86)/embitz/2.10/share/armgcc/bin/../lib/gcc/arm-none-eabi/9.3.1/thumb/v6-m/nofp\libgcc.a(_clzsi2.o)
                              c:/program files (x86)/embitz/2.10/share/armgcc/bin/../lib/gcc/arm-none-eabi/9.3.1/thumb/v6-m/nofp\libgcc.a(_clzdi2.o) (__clzsi2)
c:/program files (x86)/embitz/2.10/share/armgcc/bin/../lib/gcc/arm-none-eabi/9.3.1/../../../../arm-none-eabi/lib/thumb/v6-m/nofp\libg_nano.a(lib_a-exit.o)
                              c:/program files (x86)/embitz/2.10/share/armgcc/bin/../lib/gcc/arm-none-eabi/9.3.1/../../../../arm-none-eabi/lib/thumb/v6-m/nofp/crt0.o (exit)
c:/program files (x86)/embitz/2.10/share/armgcc/bin/../lib/gcc/arm-none-eabi/9.3.1/../../../../arm-none-eabi/lib/thumb/v6-m/nofp\libg_nano.a(lib_a-impure.o)
                              c:/program files (x86)/embitz/2.10/share/armgcc/bin/../lib/gcc/arm-none-eabi/9.3.1/../../../../arm-none-eabi/lib/thumb/v6-m/nofp\libg_nano.a(lib_a-exit.o) (_global_impure_ptr)
c:/program files (x86)/embitz/2.10/share/armgcc/bin/../lib/gcc/arm-none-eabi/9.3.1/../../../../arm-none-eabi/lib/thumb/v6-m/nofp\libg_nano.a(lib_a-init.o)
                              c:/program files (x86)/embitz/2.10/share/armgcc/bin/../lib/gcc/arm-none-eabi/9.3.1/../../../../arm-none-eabi/lib/thumb/v6-m/nofp/crt0.o (__libc_init_array)
c:/program files (x86)/embitz/2.10/share/armgcc/bin/../lib/gcc/arm-none-eabi/9.3.1/../../../../arm-none-eabi/lib/thumb/v6-m/nofp\libg_nano.a(lib_a-memset.o)
                              c:/program files (x86)/embitz/2.10/share/armgcc/bin/../lib/gcc/arm-none-eabi/9.3.1/../../../../arm-none-eabi/lib/thumb/v6-m/nofp/crt0.o (memset)
c:/program files (x86)/embitz/2.10/share/armgcc/bin/../lib/gcc/arm-none-eabi/9.3.1/../../../../arm-none-eabi/lib/thumb/v6-m/nofp\libnosys.a(_exit.o)
                              c:/program files (x86)/embitz/2.10/share/armgcc/bin/../lib/gcc/arm-none-eabi/9.3.1/../../../../arm-none-eabi/lib/thumb/v6-m/nofp\libg_nano.a(lib_a-exit.o) (_exit)

Allocating common symbols
Common symbol       size              file

x                   0x1               obj\debug\src\drv_serial_port.o
EP0_Data            0x64              obj\debug\src\usb_functions.o
EP0Buf              0x94              obj\debug\src\usb_functions.o
convert_str         0xc               obj\debug\src\convert.o
pDataRX             0x40              obj\debug\src\usb_cdc.o
USB_DeviceAddress   0x1               obj\debug\src\usb_functions.o
FW_PE_ADDR          0x2               obj\debug\src\usb_utilities.o
COM0                0x244             obj\debug\src\drv_serial_port.o
uwTick              0x4               obj\debug\hal\src\stm32l0xx_hal.o
pFlash              0x18              obj\debug\hal\src\stm32l0xx_hal_flash.o
FW_LEN              0x2               obj\debug\src\usb_utilities.o
line_coding         0x7               obj\debug\src\usb_cdc.o
pDataTX             0x40              obj\debug\src\usb_cdc.o
rxlock              0x1               obj\debug\src\drv_serial_port.o
c                   0x1               obj\debug\src\bootloader_utils.o
COM1                0x244             obj\debug\src\drv_serial_port.o
ep1_busy_timer      0x4               obj\debug\src\drv_serial_port.o
FW_BUF              0x100             obj\debug\src\usb_utilities.o
SetupPacket         0x8               obj\debug\src\usb_functions.o
txlock              0x1               obj\debug\src\drv_serial_port.o
[...]
Memory Configuration

Name             Origin             Length             Attributes
FLASH            0x08000000         0x00004000         xr
RAM              0x20000100         0x00001f00         xrw
*default*        0x00000000         0xffffffff

Linker script and memory map

LOAD c:/program files (x86)/embitz/2.10/share/armgcc/bin/../lib/gcc/arm-none-eabi/9.3.1/thumb/v6-m/nofp/crti.o
LOAD c:/program files (x86)/embitz/2.10/share/armgcc/bin/../lib/gcc/arm-none-eabi/9.3.1/thumb/v6-m/nofp/crtbegin.o
LOAD c:/program files (x86)/embitz/2.10/share/armgcc/bin/../lib/gcc/arm-none-eabi/9.3.1/../../../../arm-none-eabi/lib/thumb/v6-m/nofp/crt0.o
                0x00000000                __HEAP_SIZE = 0x0
                0x00000100                __STACK_SIZE = 0x100
                0x00000000                _Min_Heap_Size = __HEAP_SIZE
                0x00000100                _Min_Stack_Size = __STACK_SIZE
                0x20002000                _estack = (ORIGIN (RAM) + LENGTH (RAM))

.isr_vector     0x08000000       0xc0
                0x08000000                . = ALIGN (0x4)
 *(.isr_vector)
 .isr_vector    0x08000000       0xc0 obj\debug\src\startup_stm32l053xx.o
                0x08000000                g_pfnVectors
                0x080000c0                . = ALIGN (0x4)

.text           0x080000c0    0x142a0
                0x080000c0                . = ALIGN (0x4)
 *(.text)
 .text          0x080000c0        0x0 c:/program files (x86)/embitz/2.10/share/armgcc/bin/../lib/gcc/arm-none-eabi/9.3.1/thumb/v6-m/nofp/crti.o
 .text          0x080000c0       0x48 c:/program files (x86)/embitz/2.10/share/armgcc/bin/../lib/gcc/arm-none-eabi/9.3.1/thumb/v6-m/nofp/crtbegin.o
 .text          0x08000108       0x80 c:/program files (x86)/embitz/2.10/share/armgcc/bin/../lib/gcc/arm-none-eabi/9.3.1/../../../../arm-none-eabi/lib/thumb/v6-m/nofp/crt0.o
                0x08000108                _stack_init
                0x08000114                _start
                0x08000114                _mainCRTStartup
 .text          0x08000188       0x14 obj\debug\src\startup_stm32l053xx.o
 .text          0x0800019c        0x0 obj\debug\hal\src\stm32l0xx_hal_adc.o
 .text          0x0800019c        0x0 obj\debug\hal\src\stm32l0xx_hal_adc_ex.o
 .text          0x0800019c        0x0 obj\debug\hal\src\stm32l0xx_hal_comp.o
 .text          0x0800019c        0x0 obj\debug\hal\src\stm32l0xx_hal_comp_ex.o
 .text          0x0800019c        0x0 obj\debug\hal\src\stm32l0xx_hal_cortex.o
 .text          0x0800019c        0x0 obj\debug\hal\src\stm32l0xx_hal_crc.o
 .text          0x0800019c        0x0 obj\debug\hal\src\stm32l0xx_hal_crc_ex.o
 .text          0x0800019c        0x0 obj\debug\hal\src\stm32l0xx_hal_cryp.o
 .text          0x0800019c        0x0 obj\debug\hal\src\stm32l0xx_hal_cryp_ex.o
 .text          0x0800019c        0x0 obj\debug\hal\src\stm32l0xx_hal_dac.o
 .text          0x0800019c        0x0 obj\debug\hal\src\stm32l0xx_hal_dac_ex.o
 .text          0x0800019c        0x0 obj\debug\hal\src\stm32l0xx_hal_dma.o
 .text          0x0800019c        0x0 obj\debug\hal\src\stm32l0xx_hal_firewall.o
 .text          0x0800019c        0x0 obj\debug\hal\src\stm32l0xx_hal_flash.o
 .text          0x0800019c        0x0 obj\debug\hal\src\stm32l0xx_hal_flash_ex.o
 .text          0x0800019c        0x0 obj\debug\hal\src\stm32l0xx_hal_flash_ramfunc.o
 .text          0x0800019c        0x0 obj\debug\hal\src\stm32l0xx_hal_gpio.o
 .text          0x0800019c        0x0 obj\debug\hal\src\stm32l0xx_hal_i2c.o
 .text          0x0800019c        0x0 obj\debug\hal\src\stm32l0xx_hal_i2c_ex.o
 .text          0x0800019c        0x0 obj\debug\hal\src\stm32l0xx_hal_i2s.o
 .text          0x0800019c        0x0 obj\debug\hal\src\stm32l0xx_hal_irda.o
 .text          0x0800019c        0x0 obj\debug\hal\src\stm32l0xx_hal_iwdg.o
 .text          0x0800019c        0x0 obj\debug\hal\src\stm32l0xx_hal_lcd.o
 .text          0x0800019c        0x0 obj\debug\hal\src\stm32l0xx_hal_lptim.o
 .text          0x0800019c        0x0 obj\debug\hal\src\stm32l0xx_hal_pcd.o
 .text          0x0800019c        0x0 obj\debug\hal\src\stm32l0xx_hal_pcd_ex.o
 .text          0x0800019c        0x0 obj\debug\hal\src\stm32l0xx_hal_pwr.o
 .text          0x0800019c        0x0 obj\debug\hal\src\stm32l0xx_hal_pwr_ex.o
 .text          0x0800019c        0x0 obj\debug\hal\src\stm32l0xx_hal_rcc.o
 .text          0x0800019c        0x0 obj\debug\hal\src\stm32l0xx_hal_rcc_ex.o
 .text          0x0800019c        0x0 obj\debug\hal\src\stm32l0xx_hal_rng.o
 .text          0x0800019c        0x0 obj\debug\hal\src\stm32l0xx_hal_rtc.o
 .text          0x0800019c        0x0 obj\debug\hal\src\stm32l0xx_hal_rtc_ex.o
 .text          0x0800019c        0x0 obj\debug\hal\src\stm32l0xx_hal_smartcard.o
 .text          0x0800019c        0x0 obj\debug\hal\src\stm32l0xx_hal_smartcard_ex.o
 .text          0x0800019c        0x0 obj\debug\hal\src\stm32l0xx_hal_smbus.o
 .text          0x0800019c        0x0 obj\debug\hal\src\stm32l0xx_hal_spi.o
 .text          0x0800019c        0x0 obj\debug\hal\src\stm32l0xx_hal_tim.o
 .text          0x0800019c        0x0 obj\debug\hal\src\stm32l0xx_hal_tim_ex.o
 .text          0x0800019c        0x0 obj\debug\hal\src\stm32l0xx_hal_tsc.o
 .text          0x0800019c        0x0 obj\debug\hal\src\stm32l0xx_hal_uart.o
 .text          0x0800019c        0x0 obj\debug\hal\src\stm32l0xx_hal_uart_ex.o
 .text          0x0800019c        0x0 obj\debug\hal\src\stm32l0xx_hal_usart.o
 .text          0x0800019c        0x0 obj\debug\hal\src\stm32l0xx_hal_wwdg.o
 .text          0x0800019c        0x0 obj\debug\src\bootloader_api_push.o
 .text          0x0800019c        0x0 obj\debug\src\bootloader_utils.o
 .text          0x0800019c        0x0 obj\debug\src\convert.o
 .text          0x0800019c        0x0 obj\debug\src\drv_clock.o
 .text          0x0800019c        0x0 obj\debug\src\drv_flash.o
 .text          0x0800019c        0x0 obj\debug\src\drv_serial_port.o
 .text          0x0800019c        0x0 obj\debug\src\drv_uart.o
 .text          0x0800019c        0x0 obj\debug\src\drv_usb_main.o
 .text          0x0800019c        0x0 obj\debug\src\main.o
 .text          0x0800019c        0x0 obj\debug\src\sim.o
 .text          0x0800019c        0x0 obj\debug\hal\src\stm32l0xx_hal.o
 .text          0x0800019c        0x0 obj\debug\src\system_stm32l0xx.o
 .text          0x0800019c        0x0 obj\debug\src\usb_cdc.o
 .text          0x0800019c        0x0 obj\debug\src\usb_functions.o
 .text          0x0800019c        0x0 obj\debug\src\usb_utilities.o
 .text          0x0800019c        0x0 obj\debug\src\usbdesc.o
 .text          0x0800019c      0x114 c:/program files (x86)/embitz/2.10/share/armgcc/bin/../lib/gcc/arm-none-eabi/9.3.1/thumb/v6-m/nofp\libgcc.a(_udivsi3.o)
                0x0800019c                __aeabi_uidiv
                0x0800019c                __udivsi3
                0x080002a8                __aeabi_uidivmod
 .text          0x080002b0      0x1d4 c:/program files (x86)/embitz/2.10/share/armgcc/bin/../lib/gcc/arm-none-eabi/9.3.1/thumb/v6-m/nofp\libgcc.a(_divsi3.o)
                0x080002b0                __divsi3
                0x080002b0                __aeabi_idiv
                0x0800047c                __aeabi_idivmod
 .text          0x08000484        0x4 c:/program files (x86)/embitz/2.10/share/armgcc/bin/../lib/gcc/arm-none-eabi/9.3.1/thumb/v6-m/nofp\libgcc.a(_dvmd_tls.o)
                0x08000484                __aeabi_idiv0
                0x08000484                __aeabi_ldiv0
 .text          0x08000488       0x40 c:/program files (x86)/embitz/2.10/share/armgcc/bin/../lib/gcc/arm-none-eabi/9.3.1/thumb/v6-m/nofp\libgcc.a(_aeabi_uldivmod.o)
                0x08000488                __aeabi_uldivmod
 .text          0x080004c8      0x198 c:/program files (x86)/embitz/2.10/share/armgcc/bin/../lib/gcc/arm-none-eabi/9.3.1/thumb/v6-m/nofp\libgcc.a(_udivmoddi4.o)
                0x080004c8                __udivmoddi4
 .text          0x08000660       0x18 c:/program files (x86)/embitz/2.10/share/armgcc/bin/../lib/gcc/arm-none-eabi/9.3.1/thumb/v6-m/nofp\libgcc.a(_clzdi2.o)
                0x08000660                __clzdi2
 .text          0x08000678       0x3c c:/program files (x86)/embitz/2.10/share/armgcc/bin/../lib/gcc/arm-none-eabi/9.3.1/thumb/v6-m/nofp\libgcc.a(_clzsi2.o)
                0x08000678                __clzsi2
 .text          0x080006b4        0x0 c:/program files (x86)/embitz/2.10/share/armgcc/bin/../lib/gcc/arm-none-eabi/9.3.1/../../../../arm-none-eabi/lib/thumb/v6-m/nofp\libg_nano.a(lib_a-exit.o)
 .text          0x080006b4        0x0 c:/program files (x86)/embitz/2.10/share/armgcc/bin/../lib/gcc/arm-none-eabi/9.3.1/../../../../arm-none-eabi/lib/thumb/v6-m/nofp\libg_nano.a(lib_a-impure.o)
 .text          0x080006b4        0x0 c:/program files (x86)/embitz/2.10/share/armgcc/bin/../lib/gcc/arm-none-eabi/9.3.1/../../../../arm-none-eabi/lib/thumb/v6-m/nofp\libg_nano.a(lib_a-init.o)
 .text          0x080006b4        0x0 c:/program files (x86)/embitz/2.10/share/armgcc/bin/../lib/gcc/arm-none-eabi/9.3.1/../../../../arm-none-eabi/lib/thumb/v6-m/nofp\libg_nano.a(lib_a-memset.o)
 .text          0x080006b4        0x0 c:/program files (x86)/embitz/2.10/share/armgcc/bin/../lib/gcc/arm-none-eabi/9.3.1/../../../../arm-none-eabi/lib/thumb/v6-m/nofp\libnosys.a(_exit.o)
 .text          0x080006b4        0x0 c:/program files (x86)/embitz/2.10/share/armgcc/bin/../lib/gcc/arm-none-eabi/9.3.1/thumb/v6-m/nofp/crtend.o
 .text          0x080006b4        0x0 c:/program files (x86)/embitz/2.10/share/armgcc/bin/../lib/gcc/arm-none-eabi/9.3.1/thumb/v6-m/nofp/crtn.o
 *(.text*)
 .text.Reset_Handler
                0x080006b4       0x4c obj\debug\src\startup_stm32l053xx.o
                0x080006b4                Reset_Handler
 .text.Default_Handler
                0x08000700        0x2 obj\debug\src\startup_stm32l053xx.o
                0x08000700                TSC_IRQHandler
                0x08000700                HardFault_Handler
                0x08000700                ADC1_COMP_IRQHandler
                0x08000700                SysTick_Handler
                0x08000700                PVD_IRQHandler
                0x08000700                PendSV_Handler
                0x08000700                NMI_Handler
                0x08000700                I2C1_IRQHandler
                0x08000700                RCC_CRS_IRQHandler
                0x08000700                SPI1_IRQHandler
                0x08000700                TIM6_DAC_IRQHandler
                0x08000700                EXTI2_3_IRQHandler
                0x08000700                I2C2_IRQHandler
                0x08000700                RTC_IRQHandler
                0x08000700                LCD_IRQHandler
                0x08000700                DMA1_Channel4_5_6_7_IRQHandler
                0x08000700                EXTI4_15_IRQHandler
                0x08000700                DMA1_Channel1_IRQHandler
                0x08000700                Default_Handler
                0x08000700                TIM22_IRQHandler
                0x08000700                EXTI0_1_IRQHandler
                0x08000700                SPI2_IRQHandler
                0x08000700                SVC_Handler
                0x08000700                TIM21_IRQHandler
                0x08000700                WWDG_IRQHandler
                0x08000700                TIM2_IRQHandler
                0x08000700                DMA1_Channel2_3_IRQHandler
                0x08000700                USART2_IRQHandler
                0x08000700                FLASH_IRQHandler
                0x08000700                RNG_LPUART1_IRQHandler
                0x08000700                LPTIM1_IRQHandler
 *fill*         0x08000702        0x2 
 .text.__NVIC_EnableIRQ
                0x08000704       0x34 obj\debug\hal\src\stm32l0xx_hal_cortex.o
 .text.__NVIC_DisableIRQ
                0x08000738       0x44 obj\debug\hal\src\stm32l0xx_hal_cortex.o
 .text.__NVIC_GetPendingIRQ
                0x0800077c       0x40 obj\debug\hal\src\stm32l0xx_hal_cortex.o
 .text.__NVIC_SetPendingIRQ
                0x080007bc       0x38 obj\debug\hal\src\stm32l0xx_hal_cortex.o
 .text.__NVIC_ClearPendingIRQ
                0x080007f4       0x38 obj\debug\hal\src\stm32l0xx_hal_cortex.o
 .text.__NVIC_SetPriority
                0x0800082c       0xdc obj\debug\hal\src\stm32l0xx_hal_cortex.o
 .text.__NVIC_GetPriority
                0x08000908       0x7c obj\debug\hal\src\stm32l0xx_hal_cortex.o
 .text.__NVIC_SystemReset
                0x08000984       0x24 obj\debug\hal\src\stm32l0xx_hal_cortex.o
 .text.SysTick_Config
                0x080009a8       0x48 obj\debug\hal\src\stm32l0xx_hal_cortex.o
 .text.HAL_NVIC_SetPriority
                0x080009f0       0x2a obj\debug\hal\src\stm32l0xx_hal_cortex.o
                0x080009f0                HAL_NVIC_SetPriority
 .text.HAL_NVIC_EnableIRQ
                0x08000a1a       0x20 obj\debug\hal\src\stm32l0xx_hal_cortex.o
                0x08000a1a                HAL_NVIC_EnableIRQ
 .text.HAL_NVIC_DisableIRQ
                0x08000a3a       0x20 obj\debug\hal\src\stm32l0xx_hal_cortex.o
                0x08000a3a                HAL_NVIC_DisableIRQ
 .text.HAL_NVIC_SystemReset
                0x08000a5a        0x8 obj\debug\hal\src\stm32l0xx_hal_cortex.o
                0x08000a5a                HAL_NVIC_SystemReset
 .text.HAL_SYSTICK_Config
                0x08000a62       0x1a obj\debug\hal\src\stm32l0xx_hal_cortex.o
                0x08000a62                HAL_SYSTICK_Config
 .text.HAL_NVIC_GetPriority
                0x08000a7c       0x22 obj\debug\hal\src\stm32l0xx_hal_cortex.o
                0x08000a7c                HAL_NVIC_GetPriority
 .text.HAL_NVIC_SetPendingIRQ
                0x08000a9e       0x20 obj\debug\hal\src\stm32l0xx_hal_cortex.o
                0x08000a9e                HAL_NVIC_SetPendingIRQ
 .text.HAL_NVIC_GetPendingIRQ
                0x08000abe       0x22 obj\debug\hal\src\stm32l0xx_hal_cortex.o
                0x08000abe                HAL_NVIC_GetPendingIRQ
 .text.HAL_NVIC_ClearPendingIRQ
                0x08000ae0       0x20 obj\debug\hal\src\stm32l0xx_hal_cortex.o
                0x08000ae0                HAL_NVIC_ClearPendingIRQ
 .text.HAL_SYSTICK_CLKSourceConfig
                0x08000b00       0x34 obj\debug\hal\src\stm32l0xx_hal_cortex.o
                0x08000b00                HAL_SYSTICK_CLKSourceConfig
 .text.HAL_SYSTICK_IRQHandler
                0x08000b34        0xe obj\debug\hal\src\stm32l0xx_hal_cortex.o
                0x08000b34                HAL_SYSTICK_IRQHandler
 .text.HAL_SYSTICK_Callback
                0x08000b42        0xa obj\debug\hal\src\stm32l0xx_hal_cortex.o
                0x08000b42                HAL_SYSTICK_Callback
 .text.HAL_MPU_Disable
                0x08000b4c       0x1c obj\debug\hal\src\stm32l0xx_hal_cortex.o
                0x08000b4c                HAL_MPU_Disable
 .text.HAL_MPU_Enable
                0x08000b68       0x2c obj\debug\hal\src\stm32l0xx_hal_cortex.o
                0x08000b68                HAL_MPU_Enable
 .text.HAL_MPU_ConfigRegion
                0x08000b94       0x80 obj\debug\hal\src\stm32l0xx_hal_cortex.o
                0x08000b94                HAL_MPU_ConfigRegion
 .text.HAL_DMA_Init
                0x08000c14       0xf0 obj\debug\hal\src\stm32l0xx_hal_dma.o
                0x08000c14                HAL_DMA_Init
 .text.HAL_DMA_DeInit
                0x08000d04       0xbc obj\debug\hal\src\stm32l0xx_hal_dma.o
                0x08000d04                HAL_DMA_DeInit
 .text.HAL_DMA_Start
                0x08000dc0       0x92 obj\debug\hal\src\stm32l0xx_hal_dma.o
                0x08000dc0                HAL_DMA_Start
 .text.HAL_DMA_Start_IT
                0x08000e52       0xcc obj\debug\hal\src\stm32l0xx_hal_dma.o
                0x08000e52                HAL_DMA_Start_IT
 .text.HAL_DMA_Abort
                0x08000f1e       0x80 obj\debug\hal\src\stm32l0xx_hal_dma.o
                0x08000f1e                HAL_DMA_Abort
 .text.HAL_DMA_Abort_IT
                0x08000f9e       0x8e obj\debug\hal\src\stm32l0xx_hal_dma.o
                0x08000f9e                HAL_DMA_Abort_IT
 .text.HAL_DMA_PollForTransfer
                0x0800102c      0x154 obj\debug\hal\src\stm32l0xx_hal_dma.o
                0x0800102c                HAL_DMA_PollForTransfer
 .text.HAL_DMA_IRQHandler
                0x08001180      0x15c obj\debug\hal\src\stm32l0xx_hal_dma.o
                0x08001180                HAL_DMA_IRQHandler
 .text.HAL_DMA_RegisterCallback
                0x080012dc       0xa0 obj\debug\hal\src\stm32l0xx_hal_dma.o
                0x080012dc                HAL_DMA_RegisterCallback
 .text.HAL_DMA_UnRegisterCallback
                0x0800137c       0xb0 obj\debug\hal\src\stm32l0xx_hal_dma.o
                0x0800137c                HAL_DMA_UnRegisterCallback
 .text.HAL_DMA_GetState
                0x0800142c       0x18 obj\debug\hal\src\stm32l0xx_hal_dma.o
                0x0800142c                HAL_DMA_GetState
 .text.HAL_DMA_GetError
                0x08001444       0x14 obj\debug\hal\src\stm32l0xx_hal_dma.o
                0x08001444                HAL_DMA_GetError
 .text.DMA_SetConfig
                0x08001458       0x5c obj\debug\hal\src\stm32l0xx_hal_dma.o
 .text.HAL_FLASH_Program
                0x080014b4       0x78 obj\debug\hal\src\stm32l0xx_hal_flash.o
                0x080014b4                HAL_FLASH_Program
 .text.HAL_FLASH_Program_IT
                0x0800152c       0x68 obj\debug\hal\src\stm32l0xx_hal_flash.o
                0x0800152c                HAL_FLASH_Program_IT
 .text.HAL_FLASH_IRQHandler
                0x08001594      0x1a8 obj\debug\hal\src\stm32l0xx_hal_flash.o
                0x08001594                HAL_FLASH_IRQHandler
 .text.HAL_FLASH_EndOfOperationCallback
                0x0800173c       0x10 obj\debug\hal\src\stm32l0xx_hal_flash.o
                0x0800173c                HAL_FLASH_EndOfOperationCallback
 .text.HAL_FLASH_OperationErrorCallback
                0x0800174c       0x10 obj\debug\hal\src\stm32l0xx_hal_flash.o
                0x0800174c                HAL_FLASH_OperationErrorCallback
 .text.HAL_FLASH_Unlock
                0x0800175c       0xa8 obj\debug\hal\src\stm32l0xx_hal_flash.o
                0x0800175c                HAL_FLASH_Unlock
 .text.HAL_FLASH_Lock
                0x08001804       0x28 obj\debug\hal\src\stm32l0xx_hal_flash.o
                0x08001804                HAL_FLASH_Lock
 .text.HAL_FLASH_OB_Unlock
                0x0800182c       0x74 obj\debug\hal\src\stm32l0xx_hal_flash.o
                0x0800182c                HAL_FLASH_OB_Unlock
 .text.HAL_FLASH_OB_Lock
                0x080018a0       0x1c obj\debug\hal\src\stm32l0xx_hal_flash.o
                0x080018a0                HAL_FLASH_OB_Lock
 .text.HAL_FLASH_OB_Launch
                0x080018bc       0x2c obj\debug\hal\src\stm32l0xx_hal_flash.o
                0x080018bc                HAL_FLASH_OB_Launch
 .text.HAL_FLASH_GetError
                0x080018e8       0x14 obj\debug\hal\src\stm32l0xx_hal_flash.o
                0x080018e8                HAL_FLASH_GetError
 .text.FLASH_WaitForLastOperation
                0x080018fc       0xe4 obj\debug\hal\src\stm32l0xx_hal_flash.o
                0x080018fc                FLASH_WaitForLastOperation
 .text.FLASH_SetErrorCode
                0x080019e0      0x138 obj\debug\hal\src\stm32l0xx_hal_flash.o
 .text.HAL_FLASHEx_Erase
                0x08001b18       0xcc obj\debug\hal\src\stm32l0xx_hal_flash_ex.o
                0x08001b18                HAL_FLASHEx_Erase
 .text.HAL_FLASHEx_Erase_IT
                0x08001be4       0x98 obj\debug\hal\src\stm32l0xx_hal_flash_ex.o
                0x08001be4                HAL_FLASHEx_Erase_IT
 .text.HAL_FLASHEx_OBProgram
                0x08001c7c      0x140 obj\debug\hal\src\stm32l0xx_hal_flash_ex.o
                0x08001c7c                HAL_FLASHEx_OBProgram
 .text.HAL_FLASHEx_OBGetConfig
                0x08001dbc       0x50 obj\debug\hal\src\stm32l0xx_hal_flash_ex.o
                0x08001dbc                HAL_FLASHEx_OBGetConfig
 .text.HAL_FLASHEx_AdvOBProgram
                0x08001e0c       0x3e obj\debug\hal\src\stm32l0xx_hal_flash_ex.o
                0x08001e0c                HAL_FLASHEx_AdvOBProgram
 *fill*         0x08001e4a        0x2 
 .text.HAL_FLASHEx_AdvOBGetConfig
                0x08001e4c       0x3c obj\debug\hal\src\stm32l0xx_hal_flash_ex.o
                0x08001e4c                HAL_FLASHEx_AdvOBGetConfig
 .text.HAL_FLASHEx_OB_SelectPCROP
                0x08001e88       0xa4 obj\debug\hal\src\stm32l0xx_hal_flash_ex.o
                0x08001e88                HAL_FLASHEx_OB_SelectPCROP
 .text.HAL_FLASHEx_OB_DeSelectPCROP
                0x08001f2c       0x98 obj\debug\hal\src\stm32l0xx_hal_flash_ex.o
                0x08001f2c                HAL_FLASHEx_OB_DeSelectPCROP
 .text.HAL_FLASHEx_DATAEEPROM_Unlock
                0x08001fc4       0x5c obj\debug\hal\src\stm32l0xx_hal_flash_ex.o
                0x08001fc4                HAL_FLASHEx_DATAEEPROM_Unlock
 .text.HAL_FLASHEx_DATAEEPROM_Lock
                0x08002020       0x1c obj\debug\hal\src\stm32l0xx_hal_flash_ex.o
                0x08002020                HAL_FLASHEx_DATAEEPROM_Lock
 .text.HAL_FLASHEx_DATAEEPROM_Erase
                0x0800203c       0x58 obj\debug\hal\src\stm32l0xx_hal_flash_ex.o
                0x0800203c                HAL_FLASHEx_DATAEEPROM_Erase
 .text.HAL_FLASHEx_DATAEEPROM_Program
                0x08002094       0xb0 obj\debug\hal\src\stm32l0xx_hal_flash_ex.o
                0x08002094                HAL_FLASHEx_DATAEEPROM_Program
 .text.HAL_FLASHEx_DATAEEPROM_EnableFixedTimeProgram
                0x08002144       0x1c obj\debug\hal\src\stm32l0xx_hal_flash_ex.o
                0x08002144                HAL_FLASHEx_DATAEEPROM_EnableFixedTimeProgram
 .text.HAL_FLASHEx_DATAEEPROM_DisableFixedTimeProgram
                0x08002160       0x20 obj\debug\hal\src\stm32l0xx_hal_flash_ex.o
                0x08002160                HAL_FLASHEx_DATAEEPROM_DisableFixedTimeProgram
 .text.FLASH_OB_RDPConfig
                0x08002180       0xa0 obj\debug\hal\src\stm32l0xx_hal_flash_ex.o
 .text.FLASH_OB_BORConfig
                0x08002220       0x94 obj\debug\hal\src\stm32l0xx_hal_flash_ex.o
 .text.FLASH_OB_BOOTBit1Config
                0x080022b4       0x94 obj\debug\hal\src\stm32l0xx_hal_flash_ex.o
 .text.FLASH_OB_GetUser
                0x08002348       0x1c obj\debug\hal\src\stm32l0xx_hal_flash_ex.o
 .text.FLASH_OB_GetRDP
                0x08002364       0x34 obj\debug\hal\src\stm32l0xx_hal_flash_ex.o
 .text.FLASH_OB_GetBOR
                0x08002398       0x1c obj\debug\hal\src\stm32l0xx_hal_flash_ex.o
 .text.FLASH_OB_GetBOOTBit1
                0x080023b4       0x1c obj\debug\hal\src\stm32l0xx_hal_flash_ex.o
 .text.FLASH_OB_GetWRP
                0x080023d0       0x14 obj\debug\hal\src\stm32l0xx_hal_flash_ex.o
 .text.FLASH_OB_ProtectedSectorsConfig
                0x080023e4       0xb4 obj\debug\hal\src\stm32l0xx_hal_flash_ex.o
 .text.FLASH_OB_UserConfig
                0x08002498       0xcc obj\debug\hal\src\stm32l0xx_hal_flash_ex.o
 .text.FLASH_PageErase
                0x08002564       0x44 obj\debug\hal\src\stm32l0xx_hal_flash_ex.o
                0x08002564                FLASH_PageErase
 .text.HAL_GPIO_Init
                0x080025a8      0x2ec obj\debug\hal\src\stm32l0xx_hal_gpio.o
                0x080025a8                HAL_GPIO_Init
 .text.HAL_GPIO_DeInit
                0x08002894      0x1b4 obj\debug\hal\src\stm32l0xx_hal_gpio.o
                0x08002894                HAL_GPIO_DeInit
 .text.HAL_GPIO_ReadPin
                0x08002a48       0x3a obj\debug\hal\src\stm32l0xx_hal_gpio.o
                0x08002a48                HAL_GPIO_ReadPin
 .text.HAL_GPIO_WritePin
                0x08002a82       0x3a obj\debug\hal\src\stm32l0xx_hal_gpio.o
                0x08002a82                HAL_GPIO_WritePin
 .text.HAL_GPIO_TogglePin
                0x08002abc       0x24 obj\debug\hal\src\stm32l0xx_hal_gpio.o
                0x08002abc                HAL_GPIO_TogglePin
 .text.HAL_GPIO_LockPin
                0x08002ae0       0x52 obj\debug\hal\src\stm32l0xx_hal_gpio.o
                0x08002ae0                HAL_GPIO_LockPin
 *fill*         0x08002b32        0x2 
 .text.HAL_GPIO_EXTI_IRQHandler
                0x08002b34       0x38 obj\debug\hal\src\stm32l0xx_hal_gpio.o
                0x08002b34                HAL_GPIO_EXTI_IRQHandler
 .text.HAL_GPIO_EXTI_Callback
                0x08002b6c       0x14 obj\debug\hal\src\stm32l0xx_hal_gpio.o
                0x08002b6c                HAL_GPIO_EXTI_Callback
 .text.HAL_LPTIM_Init
                0x08002b80      0x100 obj\debug\hal\src\stm32l0xx_hal_lptim.o
                0x08002b80                HAL_LPTIM_Init
 .text.HAL_LPTIM_DeInit
                0x08002c80       0x44 obj\debug\hal\src\stm32l0xx_hal_lptim.o
                0x08002c80                HAL_LPTIM_DeInit
 .text.HAL_LPTIM_MspInit
                0x08002cc4       0x10 obj\debug\hal\src\stm32l0xx_hal_lptim.o
                0x08002cc4                HAL_LPTIM_MspInit
 .text.HAL_LPTIM_MspDeInit
                0x08002cd4       0x10 obj\debug\hal\src\stm32l0xx_hal_lptim.o
                0x08002cd4                HAL_LPTIM_MspDeInit
 .text.HAL_LPTIM_PWM_Start
                0x08002ce4       0x6c obj\debug\hal\src\stm32l0xx_hal_lptim.o
                0x08002ce4                HAL_LPTIM_PWM_Start
 .text.HAL_LPTIM_PWM_Stop
                0x08002d50       0x2a obj\debug\hal\src\stm32l0xx_hal_lptim.o
                0x08002d50                HAL_LPTIM_PWM_Stop
 *fill*         0x08002d7a        0x2 
 .text.HAL_LPTIM_PWM_Start_IT
                0x08002d7c       0xc8 obj\debug\hal\src\stm32l0xx_hal_lptim.o
                0x08002d7c                HAL_LPTIM_PWM_Start_IT
 .text.HAL_LPTIM_PWM_Stop_IT
                0x08002e44       0x88 obj\debug\hal\src\stm32l0xx_hal_lptim.o
                0x08002e44                HAL_LPTIM_PWM_Stop_IT
 .text.HAL_LPTIM_OnePulse_Start
                0x08002ecc       0x6c obj\debug\hal\src\stm32l0xx_hal_lptim.o
                0x08002ecc                HAL_LPTIM_OnePulse_Start
 .text.HAL_LPTIM_OnePulse_Stop
                0x08002f38       0x2a obj\debug\hal\src\stm32l0xx_hal_lptim.o
                0x08002f38                HAL_LPTIM_OnePulse_Stop
 *fill*         0x08002f62        0x2 
 .text.HAL_LPTIM_OnePulse_Start_IT
                0x08002f64       0xc8 obj\debug\hal\src\stm32l0xx_hal_lptim.o
                0x08002f64                HAL_LPTIM_OnePulse_Start_IT
 .text.HAL_LPTIM_OnePulse_Stop_IT
                0x0800302c       0x88 obj\debug\hal\src\stm32l0xx_hal_lptim.o
                0x0800302c                HAL_LPTIM_OnePulse_Stop_IT
 .text.HAL_LPTIM_SetOnce_Start
                0x080030b4       0x68 obj\debug\hal\src\stm32l0xx_hal_lptim.o
                0x080030b4                HAL_LPTIM_SetOnce_Start
 .text.HAL_LPTIM_SetOnce_Stop
                0x0800311c       0x2a obj\debug\hal\src\stm32l0xx_hal_lptim.o
                0x0800311c                HAL_LPTIM_SetOnce_Stop
 *fill*         0x08003146        0x2 
 .text.HAL_LPTIM_SetOnce_Start_IT
                0x08003148       0xc8 obj\debug\hal\src\stm32l0xx_hal_lptim.o
                0x08003148                HAL_LPTIM_SetOnce_Start_IT
 .text.HAL_LPTIM_SetOnce_Stop_IT
                0x08003210       0x88 obj\debug\hal\src\stm32l0xx_hal_lptim.o
                0x08003210                HAL_LPTIM_SetOnce_Stop_IT
 .text.HAL_LPTIM_Encoder_Start
                0x08003298       0x80 obj\debug\hal\src\stm32l0xx_hal_lptim.o
                0x08003298                HAL_LPTIM_Encoder_Start
 .text.HAL_LPTIM_Encoder_Stop
                0x08003318       0x40 obj\debug\hal\src\stm32l0xx_hal_lptim.o
                0x08003318                HAL_LPTIM_Encoder_Stop
 .text.HAL_LPTIM_Encoder_Start_IT
                0x08003358       0xa0 obj\debug\hal\src\stm32l0xx_hal_lptim.o
                0x08003358                HAL_LPTIM_Encoder_Start_IT
 .text.HAL_LPTIM_Encoder_Stop_IT
                0x080033f8       0x60 obj\debug\hal\src\stm32l0xx_hal_lptim.o
                0x080033f8                HAL_LPTIM_Encoder_Stop_IT
 .text.HAL_LPTIM_TimeOut_Start
                0x08003458       0x68 obj\debug\hal\src\stm32l0xx_hal_lptim.o
                0x08003458                HAL_LPTIM_TimeOut_Start
 .text.HAL_LPTIM_TimeOut_Stop
                0x080034c0       0x40 obj\debug\hal\src\stm32l0xx_hal_lptim.o
                0x080034c0                HAL_LPTIM_TimeOut_Stop
 .text.HAL_LPTIM_TimeOut_Start_IT
                0x08003500       0x8c obj\debug\hal\src\stm32l0xx_hal_lptim.o
                0x08003500                HAL_LPTIM_TimeOut_Start_IT
 .text.HAL_LPTIM_TimeOut_Stop_IT
                0x0800358c       0x64 obj\debug\hal\src\stm32l0xx_hal_lptim.o
                0x0800358c                HAL_LPTIM_TimeOut_Stop_IT
 .text.HAL_LPTIM_Counter_Start
                0x080035f0       0x74 obj\debug\hal\src\stm32l0xx_hal_lptim.o
                0x080035f0                HAL_LPTIM_Counter_Start
 .text.HAL_LPTIM_Counter_Stop
                0x08003664       0x2a obj\debug\hal\src\stm32l0xx_hal_lptim.o
                0x08003664                HAL_LPTIM_Counter_Stop
 *fill*         0x0800368e        0x2 
 .text.HAL_LPTIM_Counter_Start_IT
                0x08003690       0xa8 obj\debug\hal\src\stm32l0xx_hal_lptim.o
                0x08003690                HAL_LPTIM_Counter_Start_IT
 .text.HAL_LPTIM_Counter_Stop_IT
                0x08003738       0x60 obj\debug\hal\src\stm32l0xx_hal_lptim.o
                0x08003738                HAL_LPTIM_Counter_Stop_IT
 .text.HAL_LPTIM_ReadCounter
                0x08003798       0x16 obj\debug\hal\src\stm32l0xx_hal_lptim.o
                0x08003798                HAL_LPTIM_ReadCounter
 .text.HAL_LPTIM_ReadAutoReload
                0x080037ae       0x16 obj\debug\hal\src\stm32l0xx_hal_lptim.o
                0x080037ae                HAL_LPTIM_ReadAutoReload
 .text.HAL_LPTIM_ReadCompare
                0x080037c4       0x16 obj\debug\hal\src\stm32l0xx_hal_lptim.o
                0x080037c4                HAL_LPTIM_ReadCompare
 .text.HAL_LPTIM_IRQHandler
                0x080037da      0x144 obj\debug\hal\src\stm32l0xx_hal_lptim.o
                0x080037da                HAL_LPTIM_IRQHandler
 .text.HAL_LPTIM_CompareMatchCallback
                0x0800391e       0x10 obj\debug\hal\src\stm32l0xx_hal_lptim.o
                0x0800391e                HAL_LPTIM_CompareMatchCallback
 .text.HAL_LPTIM_AutoReloadMatchCallback
                0x0800392e       0x10 obj\debug\hal\src\stm32l0xx_hal_lptim.o
                0x0800392e                HAL_LPTIM_AutoReloadMatchCallback
 .text.HAL_LPTIM_TriggerCallback
                0x0800393e       0x10 obj\debug\hal\src\stm32l0xx_hal_lptim.o
                0x0800393e                HAL_LPTIM_TriggerCallback
 .text.HAL_LPTIM_CompareWriteCallback
                0x0800394e       0x10 obj\debug\hal\src\stm32l0xx_hal_lptim.o
                0x0800394e                HAL_LPTIM_CompareWriteCallback
 .text.HAL_LPTIM_AutoReloadWriteCallback
                0x0800395e       0x10 obj\debug\hal\src\stm32l0xx_hal_lptim.o
                0x0800395e                HAL_LPTIM_AutoReloadWriteCallback
 .text.HAL_LPTIM_DirectionUpCallback
                0x0800396e       0x10 obj\debug\hal\src\stm32l0xx_hal_lptim.o
                0x0800396e                HAL_LPTIM_DirectionUpCallback
 .text.HAL_LPTIM_DirectionDownCallback
                0x0800397e       0x10 obj\debug\hal\src\stm32l0xx_hal_lptim.o
                0x0800397e                HAL_LPTIM_DirectionDownCallback
 .text.HAL_LPTIM_GetState
                0x0800398e       0x18 obj\debug\hal\src\stm32l0xx_hal_lptim.o
                0x0800398e                HAL_LPTIM_GetState
 *fill*         0x080039a6        0x2 
 .text.LPTIM_Disable
                0x080039a8      0x1a4 obj\debug\hal\src\stm32l0xx_hal_lptim.o
                0x080039a8                LPTIM_Disable
 .text.HAL_PWR_DeInit
                0x08003b4c       0x2c obj\debug\hal\src\stm32l0xx_hal_pwr.o
                0x08003b4c                HAL_PWR_DeInit
 .text.HAL_PWR_EnableBkUpAccess
                0x08003b78       0x1c obj\debug\hal\src\stm32l0xx_hal_pwr.o
                0x08003b78                HAL_PWR_EnableBkUpAccess
 .text.HAL_PWR_DisableBkUpAccess
                0x08003b94       0x20 obj\debug\hal\src\stm32l0xx_hal_pwr.o
                0x08003b94                HAL_PWR_DisableBkUpAccess
 .text.HAL_PWR_ConfigPVD
                0x08003bb4       0xc4 obj\debug\hal\src\stm32l0xx_hal_pwr.o
                0x08003bb4                HAL_PWR_ConfigPVD
 .text.HAL_PWR_EnablePVD
                0x08003c78       0x1c obj\debug\hal\src\stm32l0xx_hal_pwr.o
                0x08003c78                HAL_PWR_EnablePVD
 .text.HAL_PWR_DisablePVD
                0x08003c94       0x1c obj\debug\hal\src\stm32l0xx_hal_pwr.o
                0x08003c94                HAL_PWR_DisablePVD
 .text.HAL_PWR_EnableWakeUpPin
                0x08003cb0       0x20 obj\debug\hal\src\stm32l0xx_hal_pwr.o
                0x08003cb0                HAL_PWR_EnableWakeUpPin
 .text.HAL_PWR_DisableWakeUpPin
                0x08003cd0       0x24 obj\debug\hal\src\stm32l0xx_hal_pwr.o
                0x08003cd0                HAL_PWR_DisableWakeUpPin
 .text.HAL_PWR_EnterSLEEPMode
                0x08003cf4       0x60 obj\debug\hal\src\stm32l0xx_hal_pwr.o
                0x08003cf4                HAL_PWR_EnterSLEEPMode
 .text.HAL_PWR_EnterSTOPMode
                0x08003d54       0x68 obj\debug\hal\src\stm32l0xx_hal_pwr.o
                0x08003d54                HAL_PWR_EnterSTOPMode
 .text.HAL_PWR_EnterSTANDBYMode
                0x08003dbc       0x2c obj\debug\hal\src\stm32l0xx_hal_pwr.o
                0x08003dbc                HAL_PWR_EnterSTANDBYMode
 .text.HAL_PWR_EnableSleepOnExit
                0x08003de8       0x1c obj\debug\hal\src\stm32l0xx_hal_pwr.o
                0x08003de8                HAL_PWR_EnableSleepOnExit
 .text.HAL_PWR_DisableSleepOnExit
                0x08003e04       0x1c obj\debug\hal\src\stm32l0xx_hal_pwr.o
                0x08003e04                HAL_PWR_DisableSleepOnExit
 .text.HAL_PWR_EnableSEVOnPend
                0x08003e20       0x1c obj\debug\hal\src\stm32l0xx_hal_pwr.o
                0x08003e20                HAL_PWR_EnableSEVOnPend
 .text.HAL_PWR_DisableSEVOnPend
                0x08003e3c       0x1c obj\debug\hal\src\stm32l0xx_hal_pwr.o
                0x08003e3c                HAL_PWR_DisableSEVOnPend
 .text.HAL_PWR_PVD_IRQHandler
                0x08003e58       0x28 obj\debug\hal\src\stm32l0xx_hal_pwr.o
                0x08003e58                HAL_PWR_PVD_IRQHandler
 .text.HAL_PWR_PVDCallback
                0x08003e80        0xa obj\debug\hal\src\stm32l0xx_hal_pwr.o
                0x08003e80                HAL_PWR_PVDCallback
 *fill*         0x08003e8a        0x2 
 .text.HAL_PWREx_GetVoltageRange
                0x08003e8c       0x18 obj\debug\hal\src\stm32l0xx_hal_pwr_ex.o
                0x08003e8c                HAL_PWREx_GetVoltageRange
 .text.HAL_PWREx_EnableFastWakeUp
                0x08003ea4       0x1c obj\debug\hal\src\stm32l0xx_hal_pwr_ex.o
                0x08003ea4                HAL_PWREx_EnableFastWakeUp
 .text.HAL_PWREx_DisableFastWakeUp
                0x08003ec0       0x20 obj\debug\hal\src\stm32l0xx_hal_pwr_ex.o
                0x08003ec0                HAL_PWREx_DisableFastWakeUp
 .text.HAL_PWREx_EnableUltraLowPower
                0x08003ee0       0x1c obj\debug\hal\src\stm32l0xx_hal_pwr_ex.o
                0x08003ee0                HAL_PWREx_EnableUltraLowPower
 .text.HAL_PWREx_DisableUltraLowPower
                0x08003efc       0x20 obj\debug\hal\src\stm32l0xx_hal_pwr_ex.o
                0x08003efc                HAL_PWREx_DisableUltraLowPower
 .text.HAL_PWREx_EnableLowPowerRunMode
                0x08003f1c       0x28 obj\debug\hal\src\stm32l0xx_hal_pwr_ex.o
                0x08003f1c                HAL_PWREx_EnableLowPowerRunMode
 .text.HAL_PWREx_DisableLowPowerRunMode
                0x08003f44       0x7c obj\debug\hal\src\stm32l0xx_hal_pwr_ex.o
                0x08003f44                HAL_PWREx_DisableLowPowerRunMode
 .text.HAL_RCC_DeInit
                0x08003fc0      0x148 obj\debug\hal\src\stm32l0xx_hal_rcc.o
                0x08003fc0                HAL_RCC_DeInit
 .text.HAL_RCC_OscConfig
                0x08004108      0x780 obj\debug\hal\src\stm32l0xx_hal_rcc.o
                0x08004108                HAL_RCC_OscConfig
 .text.HAL_RCC_ClockConfig
                0x08004888      0x254 obj\debug\hal\src\stm32l0xx_hal_rcc.o
                0x08004888                HAL_RCC_ClockConfig
 .text.HAL_RCC_MCOConfig
                0x08004adc       0xc8 obj\debug\hal\src\stm32l0xx_hal_rcc.o
                0x08004adc                HAL_RCC_MCOConfig
 .text.HAL_RCC_EnableCSS
                0x08004ba4       0x1c obj\debug\hal\src\stm32l0xx_hal_rcc.o
                0x08004ba4                HAL_RCC_EnableCSS
 .text.HAL_RCC_GetSysClockFreq
                0x08004bc0      0x10c obj\debug\hal\src\stm32l0xx_hal_rcc.o
                0x08004bc0                HAL_RCC_GetSysClockFreq
 .text.HAL_RCC_GetHCLKFreq
                0x08004ccc       0x14 obj\debug\hal\src\stm32l0xx_hal_rcc.o
                0x08004ccc                HAL_RCC_GetHCLKFreq
 .text.HAL_RCC_GetPCLK1Freq
                0x08004ce0       0x2c obj\debug\hal\src\stm32l0xx_hal_rcc.o
                0x08004ce0                HAL_RCC_GetPCLK1Freq
 .text.HAL_RCC_GetPCLK2Freq
                0x08004d0c       0x2c obj\debug\hal\src\stm32l0xx_hal_rcc.o
                0x08004d0c                HAL_RCC_GetPCLK2Freq
 .text.HAL_RCC_GetOscConfig
                0x08004d38      0x180 obj\debug\hal\src\stm32l0xx_hal_rcc.o
                0x08004d38                HAL_RCC_GetOscConfig
 .text.HAL_RCC_GetClockConfig
                0x08004eb8       0x64 obj\debug\hal\src\stm32l0xx_hal_rcc.o
                0x08004eb8                HAL_RCC_GetClockConfig
 .text.HAL_RCC_NMI_IRQHandler
                0x08004f1c       0x2c obj\debug\hal\src\stm32l0xx_hal_rcc.o
                0x08004f1c                HAL_RCC_NMI_IRQHandler
 .text.HAL_RCC_CSSCallback
                0x08004f48        0xa obj\debug\hal\src\stm32l0xx_hal_rcc.o
                0x08004f48                HAL_RCC_CSSCallback
 *fill*         0x08004f52        0x2 
 .text.HAL_RCCEx_PeriphCLKConfig
                0x08004f54      0x2c4 obj\debug\hal\src\stm32l0xx_hal_rcc_ex.o
                0x08004f54                HAL_RCCEx_PeriphCLKConfig
 .text.HAL_RCCEx_GetPeriphCLKConfig
                0x08005218       0xd8 obj\debug\hal\src\stm32l0xx_hal_rcc_ex.o
                0x08005218                HAL_RCCEx_GetPeriphCLKConfig
 .text.HAL_RCCEx_GetPeriphCLKFreq
                0x080052f0      0x41c obj\debug\hal\src\stm32l0xx_hal_rcc_ex.o
                0x080052f0                HAL_RCCEx_GetPeriphCLKFreq
 .text.HAL_RCCEx_EnableLSECSS
                0x0800570c       0x1c obj\debug\hal\src\stm32l0xx_hal_rcc_ex.o
                0x0800570c                HAL_RCCEx_EnableLSECSS
 .text.HAL_RCCEx_DisableLSECSS
                0x08005728       0x2c obj\debug\hal\src\stm32l0xx_hal_rcc_ex.o
                0x08005728                HAL_RCCEx_DisableLSECSS
 .text.HAL_RCCEx_EnableLSECSS_IT
                0x08005754       0x48 obj\debug\hal\src\stm32l0xx_hal_rcc_ex.o
                0x08005754                HAL_RCCEx_EnableLSECSS_IT
 .text.HAL_RCCEx_LSECSS_IRQHandler
                0x0800579c       0x24 obj\debug\hal\src\stm32l0xx_hal_rcc_ex.o
                0x0800579c                HAL_RCCEx_LSECSS_IRQHandler
 .text.HAL_RCCEx_LSECSS_Callback
                0x080057c0        0xa obj\debug\hal\src\stm32l0xx_hal_rcc_ex.o
                0x080057c0                HAL_RCCEx_LSECSS_Callback
 *fill*         0x080057ca        0x2 
 .text.HAL_RCCEx_EnableHSI48_VREFINT
                0x080057cc       0x1c obj\debug\hal\src\stm32l0xx_hal_rcc_ex.o
                0x080057cc                HAL_RCCEx_EnableHSI48_VREFINT
 .text.HAL_RCCEx_DisableHSI48_VREFINT
                0x080057e8       0x20 obj\debug\hal\src\stm32l0xx_hal_rcc_ex.o
                0x080057e8                HAL_RCCEx_DisableHSI48_VREFINT
 .text.HAL_RCCEx_CRSConfig
                0x08005808       0x8c obj\debug\hal\src\stm32l0xx_hal_rcc_ex.o
                0x08005808                HAL_RCCEx_CRSConfig
 .text.HAL_RCCEx_CRSSoftwareSynchronizationGenerate
                0x08005894       0x1c obj\debug\hal\src\stm32l0xx_hal_rcc_ex.o
                0x08005894                HAL_RCCEx_CRSSoftwareSynchronizationGenerate
 .text.HAL_RCCEx_CRSGetSynchronizationInfo
                0x080058b0       0x4c obj\debug\hal\src\stm32l0xx_hal_rcc_ex.o
                0x080058b0                HAL_RCCEx_CRSGetSynchronizationInfo
 .text.HAL_RCCEx_CRSWaitSynchronization
                0x080058fc       0xf0 obj\debug\hal\src\stm32l0xx_hal_rcc_ex.o
                0x080058fc                HAL_RCCEx_CRSWaitSynchronization
 .text.HAL_RCCEx_CRS_IRQHandler
                0x080059ec       0xcc obj\debug\hal\src\stm32l0xx_hal_rcc_ex.o
                0x080059ec                HAL_RCCEx_CRS_IRQHandler
 .text.HAL_RCCEx_CRS_SyncOkCallback
                0x08005ab8        0xa obj\debug\hal\src\stm32l0xx_hal_rcc_ex.o
                0x08005ab8                HAL_RCCEx_CRS_SyncOkCallback
 .text.HAL_RCCEx_CRS_SyncWarnCallback
                0x08005ac2        0xa obj\debug\hal\src\stm32l0xx_hal_rcc_ex.o
                0x08005ac2                HAL_RCCEx_CRS_SyncWarnCallback
 .text.HAL_RCCEx_CRS_ExpectedSyncCallback
                0x08005acc        0xa obj\debug\hal\src\stm32l0xx_hal_rcc_ex.o
                0x08005acc                HAL_RCCEx_CRS_ExpectedSyncCallback
 .text.HAL_RCCEx_CRS_ErrorCallback
                0x08005ad6       0x10 obj\debug\hal\src\stm32l0xx_hal_rcc_ex.o
                0x08005ad6                HAL_RCCEx_CRS_ErrorCallback
 *fill*         0x08005ae6        0x2 
 .text.HAL_RTC_Init
                0x08005ae8      0x13c obj\debug\hal\src\stm32l0xx_hal_rtc.o
                0x08005ae8                HAL_RTC_Init
 .text.HAL_RTC_DeInit
                0x08005c24      0x164 obj\debug\hal\src\stm32l0xx_hal_rtc.o
                0x08005c24                HAL_RTC_DeInit
 .text.HAL_RTC_MspInit
                0x08005d88       0x10 obj\debug\hal\src\stm32l0xx_hal_rtc.o
                0x08005d88                HAL_RTC_MspInit
 .text.HAL_RTC_MspDeInit
                0x08005d98       0x10 obj\debug\hal\src\stm32l0xx_hal_rtc.o
                0x08005d98                HAL_RTC_MspDeInit
 .text.HAL_RTC_SetTime
                0x08005da8      0x188 obj\debug\hal\src\stm32l0xx_hal_rtc.o
                0x08005da8                HAL_RTC_SetTime
 .text.HAL_RTC_GetTime
                0x08005f30       0xb8 obj\debug\hal\src\stm32l0xx_hal_rtc.o
                0x08005f30                HAL_RTC_GetTime
 .text.HAL_RTC_SetDate
                0x08005fe8      0x15c obj\debug\hal\src\stm32l0xx_hal_rtc.o
                0x08005fe8                HAL_RTC_SetDate
 .text.HAL_RTC_GetDate
                0x08006144       0x9c obj\debug\hal\src\stm32l0xx_hal_rtc.o
                0x08006144                HAL_RTC_GetDate
 .text.HAL_RTC_SetAlarm
                0x080061e0      0x24c obj\debug\hal\src\stm32l0xx_hal_rtc.o
                0x080061e0                HAL_RTC_SetAlarm
 .text.HAL_RTC_SetAlarm_IT
                0x0800642c      0x298 obj\debug\hal\src\stm32l0xx_hal_rtc.o
                0x0800642c                HAL_RTC_SetAlarm_IT
 .text.HAL_RTC_DeactivateAlarm
                0x080066c4      0x140 obj\debug\hal\src\stm32l0xx_hal_rtc.o
                0x080066c4                HAL_RTC_DeactivateAlarm
 .text.HAL_RTC_GetAlarm
                0x08006804      0x18c obj\debug\hal\src\stm32l0xx_hal_rtc.o
                0x08006804                HAL_RTC_GetAlarm
 .text.HAL_RTC_AlarmIRQHandler
                0x08006990       0x9c obj\debug\hal\src\stm32l0xx_hal_rtc.o
                0x08006990                HAL_RTC_AlarmIRQHandler
 .text.HAL_RTC_AlarmAEventCallback
                0x08006a2c       0x10 obj\debug\hal\src\stm32l0xx_hal_rtc.o
                0x08006a2c                HAL_RTC_AlarmAEventCallback
 .text.HAL_RTC_PollForAlarmAEvent
                0x08006a3c       0x74 obj\debug\hal\src\stm32l0xx_hal_rtc.o
                0x08006a3c                HAL_RTC_PollForAlarmAEvent
 .text.HAL_RTC_WaitForSynchro
                0x08006ab0       0x4e obj\debug\hal\src\stm32l0xx_hal_rtc.o
                0x08006ab0                HAL_RTC_WaitForSynchro
 .text.HAL_RTC_GetState
                0x08006afe       0x18 obj\debug\hal\src\stm32l0xx_hal_rtc.o
                0x08006afe                HAL_RTC_GetState
 .text.RTC_EnterInitMode
                0x08006b16       0x54 obj\debug\hal\src\stm32l0xx_hal_rtc.o
                0x08006b16                RTC_EnterInitMode
 .text.RTC_ByteToBcd2
                0x08006b6a       0x50 obj\debug\hal\src\stm32l0xx_hal_rtc.o
                0x08006b6a                RTC_ByteToBcd2
 .text.RTC_Bcd2ToByte
                0x08006bba       0x3a obj\debug\hal\src\stm32l0xx_hal_rtc.o
                0x08006bba                RTC_Bcd2ToByte
 .text.HAL_RTCEx_SetTimeStamp
                0x08006bf4       0xc0 obj\debug\hal\src\stm32l0xx_hal_rtc_ex.o
                0x08006bf4                HAL_RTCEx_SetTimeStamp
 .text.HAL_RTCEx_SetTimeStamp_IT
                0x08006cb4       0xf0 obj\debug\hal\src\stm32l0xx_hal_rtc_ex.o
                0x08006cb4                HAL_RTCEx_SetTimeStamp_IT
 .text.HAL_RTCEx_DeactivateTimeStamp
                0x08006da4       0x84 obj\debug\hal\src\stm32l0xx_hal_rtc_ex.o
                0x08006da4                HAL_RTCEx_DeactivateTimeStamp
 .text.HAL_RTCEx_GetTimeStamp
                0x08006e28      0x140 obj\debug\hal\src\stm32l0xx_hal_rtc_ex.o
                0x08006e28                HAL_RTCEx_GetTimeStamp
 .text.HAL_RTCEx_SetTamper
                0x08006f68      0x13c obj\debug\hal\src\stm32l0xx_hal_rtc_ex.o
                0x08006f68                HAL_RTCEx_SetTamper
 .text.HAL_RTCEx_SetTamper_IT
                0x080070a4      0x160 obj\debug\hal\src\stm32l0xx_hal_rtc_ex.o
                0x080070a4                HAL_RTCEx_SetTamper_IT
 .text.HAL_RTCEx_DeactivateTamper
                0x08007204       0x8c obj\debug\hal\src\stm32l0xx_hal_rtc_ex.o
                0x08007204                HAL_RTCEx_DeactivateTamper
 .text.HAL_RTCEx_TamperTimeStampIRQHandler
                0x08007290       0xdc obj\debug\hal\src\stm32l0xx_hal_rtc_ex.o
                0x08007290                HAL_RTCEx_TamperTimeStampIRQHandler
 .text.HAL_RTCEx_TimeStampEventCallback
                0x0800736c       0x10 obj\debug\hal\src\stm32l0xx_hal_rtc_ex.o
                0x0800736c                HAL_RTCEx_TimeStampEventCallback
 .text.HAL_RTCEx_Tamper1EventCallback
                0x0800737c       0x10 obj\debug\hal\src\stm32l0xx_hal_rtc_ex.o
                0x0800737c                HAL_RTCEx_Tamper1EventCallback
 .text.HAL_RTCEx_Tamper2EventCallback
                0x0800738c       0x10 obj\debug\hal\src\stm32l0xx_hal_rtc_ex.o
                0x0800738c                HAL_RTCEx_Tamper2EventCallback
 .text.HAL_RTCEx_PollForTimeStampEvent
                0x0800739c       0x90 obj\debug\hal\src\stm32l0xx_hal_rtc_ex.o
                0x0800739c                HAL_RTCEx_PollForTimeStampEvent
 .text.HAL_RTCEx_PollForTamper1Event
                0x0800742c       0x74 obj\debug\hal\src\stm32l0xx_hal_rtc_ex.o
                0x0800742c                HAL_RTCEx_PollForTamper1Event
 .text.HAL_RTCEx_PollForTamper2Event
                0x080074a0       0x74 obj\debug\hal\src\stm32l0xx_hal_rtc_ex.o
                0x080074a0                HAL_RTCEx_PollForTamper2Event
 .text.HAL_RTCEx_SetWakeUpTimer
                0x08007514      0x140 obj\debug\hal\src\stm32l0xx_hal_rtc_ex.o
                0x08007514                HAL_RTCEx_SetWakeUpTimer
 .text.HAL_RTCEx_SetWakeUpTimer_IT
                0x08007654      0x18c obj\debug\hal\src\stm32l0xx_hal_rtc_ex.o
                0x08007654                HAL_RTCEx_SetWakeUpTimer_IT
 .text.HAL_RTCEx_DeactivateWakeUpTimer
                0x080077e0       0xc4 obj\debug\hal\src\stm32l0xx_hal_rtc_ex.o
                0x080077e0                HAL_RTCEx_DeactivateWakeUpTimer
 .text.HAL_RTCEx_GetWakeUpTimer
                0x080078a4       0x1a obj\debug\hal\src\stm32l0xx_hal_rtc_ex.o
                0x080078a4                HAL_RTCEx_GetWakeUpTimer
 *fill*         0x080078be        0x2 
 .text.HAL_RTCEx_WakeUpTimerIRQHandler
                0x080078c0       0x54 obj\debug\hal\src\stm32l0xx_hal_rtc_ex.o
                0x080078c0                HAL_RTCEx_WakeUpTimerIRQHandler
 .text.HAL_RTCEx_WakeUpTimerEventCallback
                0x08007914       0x10 obj\debug\hal\src\stm32l0xx_hal_rtc_ex.o
                0x08007914                HAL_RTCEx_WakeUpTimerEventCallback
 .text.HAL_RTCEx_PollForWakeUpTimerEvent
                0x08007924       0x74 obj\debug\hal\src\stm32l0xx_hal_rtc_ex.o
                0x08007924                HAL_RTCEx_PollForWakeUpTimerEvent
 .text.HAL_RTCEx_BKUPWrite
                0x08007998       0x2c obj\debug\hal\src\stm32l0xx_hal_rtc_ex.o
                0x08007998                HAL_RTCEx_BKUPWrite
 .text.HAL_RTCEx_BKUPRead
                0x080079c4       0x28 obj\debug\hal\src\stm32l0xx_hal_rtc_ex.o
                0x080079c4                HAL_RTCEx_BKUPRead
 .text.HAL_RTCEx_SetSmoothCalib
                0x080079ec       0xc4 obj\debug\hal\src\stm32l0xx_hal_rtc_ex.o
                0x080079ec                HAL_RTCEx_SetSmoothCalib
 .text.HAL_RTCEx_SetSynchroShift
                0x08007ab0      0x108 obj\debug\hal\src\stm32l0xx_hal_rtc_ex.o
                0x08007ab0                HAL_RTCEx_SetSynchroShift
 .text.HAL_RTCEx_SetCalibrationOutPut
                0x08007bb8       0x90 obj\debug\hal\src\stm32l0xx_hal_rtc_ex.o
                0x08007bb8                HAL_RTCEx_SetCalibrationOutPut
 .text.HAL_RTCEx_DeactivateCalibrationOutPut
                0x08007c48       0x6c obj\debug\hal\src\stm32l0xx_hal_rtc_ex.o
                0x08007c48                HAL_RTCEx_DeactivateCalibrationOutPut
 .text.HAL_RTCEx_SetRefClock
                0x08007cb4       0xa0 obj\debug\hal\src\stm32l0xx_hal_rtc_ex.o
                0x08007cb4                HAL_RTCEx_SetRefClock
 .text.HAL_RTCEx_DeactivateRefClock
                0x08007d54       0xa0 obj\debug\hal\src\stm32l0xx_hal_rtc_ex.o
                0x08007d54                HAL_RTCEx_DeactivateRefClock
 .text.HAL_RTCEx_EnableBypassShadow
                0x08007df4       0x68 obj\debug\hal\src\stm32l0xx_hal_rtc_ex.o
                0x08007df4                HAL_RTCEx_EnableBypassShadow
 .text.HAL_RTCEx_DisableBypassShadow
                0x08007e5c       0x68 obj\debug\hal\src\stm32l0xx_hal_rtc_ex.o
                0x08007e5c                HAL_RTCEx_DisableBypassShadow
 .text.HAL_RTCEx_AlarmBEventCallback
                0x08007ec4       0x10 obj\debug\hal\src\stm32l0xx_hal_rtc_ex.o
                0x08007ec4                HAL_RTCEx_AlarmBEventCallback
 .text.HAL_RTCEx_PollForAlarmBEvent
                0x08007ed4       0x74 obj\debug\hal\src\stm32l0xx_hal_rtc_ex.o
                0x08007ed4                HAL_RTCEx_PollForAlarmBEvent
 .text.HAL_TIM_Base_Init
                0x08007f48       0x58 obj\debug\hal\src\stm32l0xx_hal_tim.o
                0x08007f48                HAL_TIM_Base_Init
 .text.HAL_TIM_Base_DeInit
                0x08007fa0       0x54 obj\debug\hal\src\stm32l0xx_hal_tim.o
                0x08007fa0                HAL_TIM_Base_DeInit
 .text.HAL_TIM_Base_MspInit
                0x08007ff4       0x10 obj\debug\hal\src\stm32l0xx_hal_tim.o
                0x08007ff4                HAL_TIM_Base_MspInit
 .text.HAL_TIM_Base_MspDeInit
                0x08008004       0x10 obj\debug\hal\src\stm32l0xx_hal_tim.o
                0x08008004                HAL_TIM_Base_MspDeInit
 .text.HAL_TIM_Base_Start
                0x08008014       0x44 obj\debug\hal\src\stm32l0xx_hal_tim.o
                0x08008014                HAL_TIM_Base_Start
 .text.HAL_TIM_Base_Stop
                0x08008058       0x44 obj\debug\hal\src\stm32l0xx_hal_tim.o
                0x08008058                HAL_TIM_Base_Stop
 .text.HAL_TIM_Base_Start_IT
                0x0800809c       0x44 obj\debug\hal\src\stm32l0xx_hal_tim.o
                0x0800809c                HAL_TIM_Base_Start_IT
 .text.HAL_TIM_Base_Stop_IT
                0x080080e0       0x44 obj\debug\hal\src\stm32l0xx_hal_tim.o
                0x080080e0                HAL_TIM_Base_Stop_IT
 .text.HAL_TIM_Base_Start_DMA
                0x08008124       0xc4 obj\debug\hal\src\stm32l0xx_hal_tim.o
                0x08008124                HAL_TIM_Base_Start_DMA
 .text.HAL_TIM_Base_Stop_DMA
                0x080081e8       0x58 obj\debug\hal\src\stm32l0xx_hal_tim.o
                0x080081e8                HAL_TIM_Base_Stop_DMA
 .text.HAL_TIM_OC_Init
                0x08008240       0x58 obj\debug\hal\src\stm32l0xx_hal_tim.o
                0x08008240                HAL_TIM_OC_Init
 .text.HAL_TIM_OC_DeInit
                0x08008298       0x54 obj\debug\hal\src\stm32l0xx_hal_tim.o
                0x08008298                HAL_TIM_OC_DeInit
 .text.HAL_TIM_OC_MspInit
                0x080082ec       0x10 obj\debug\hal\src\stm32l0xx_hal_tim.o
                0x080082ec                HAL_TIM_OC_MspInit
 .text.HAL_TIM_OC_MspDeInit
                0x080082fc       0x10 obj\debug\hal\src\stm32l0xx_hal_tim.o
                0x080082fc                HAL_TIM_OC_MspDeInit
 .text.HAL_TIM_OC_Start
                0x0800830c       0x44 obj\debug\hal\src\stm32l0xx_hal_tim.o
                0x0800830c                HAL_TIM_OC_Start
 .text.HAL_TIM_OC_Stop
                0x08008350       0x44 obj\debug\hal\src\stm32l0xx_hal_tim.o
                0x08008350                HAL_TIM_OC_Stop
 .text.HAL_TIM_OC_Start_IT
                0x08008394       0xb4 obj\debug\hal\src\stm32l0xx_hal_tim.o
                0x08008394                HAL_TIM_OC_Start_IT
 .text.HAL_TIM_OC_Stop_IT
                0x08008448       0xb4 obj\debug\hal\src\stm32l0xx_hal_tim.o
                0x08008448                HAL_TIM_OC_Stop_IT
 .text.HAL_TIM_OC_Start_DMA
                0x080084fc      0x1e4 obj\debug\hal\src\stm32l0xx_hal_tim.o
                0x080084fc                HAL_TIM_OC_Start_DMA
 .text.HAL_TIM_OC_Stop_DMA
                0x080086e0       0xf4 obj\debug\hal\src\stm32l0xx_hal_tim.o
                0x080086e0                HAL_TIM_OC_Stop_DMA
 .text.HAL_TIM_PWM_Init
                0x080087d4       0x58 obj\debug\hal\src\stm32l0xx_hal_tim.o
                0x080087d4                HAL_TIM_PWM_Init
 .text.HAL_TIM_PWM_DeInit
                0x0800882c       0x54 obj\debug\hal\src\stm32l0xx_hal_tim.o
                0x0800882c                HAL_TIM_PWM_DeInit
 .text.HAL_TIM_PWM_MspInit
                0x08008880       0x10 obj\debug\hal\src\stm32l0xx_hal_tim.o
                0x08008880                HAL_TIM_PWM_MspInit
 .text.HAL_TIM_PWM_MspDeInit
                0x08008890       0x10 obj\debug\hal\src\stm32l0xx_hal_tim.o
                0x08008890                HAL_TIM_PWM_MspDeInit
 .text.HAL_TIM_PWM_Start
                0x080088a0       0x44 obj\debug\hal\src\stm32l0xx_hal_tim.o
                0x080088a0                HAL_TIM_PWM_Start
 .text.HAL_TIM_PWM_Stop
                0x080088e4       0x4c obj\debug\hal\src\stm32l0xx_hal_tim.o
                0x080088e4                HAL_TIM_PWM_Stop
 .text.HAL_TIM_PWM_Start_IT
                0x08008930       0xb4 obj\debug\hal\src\stm32l0xx_hal_tim.o
                0x08008930                HAL_TIM_PWM_Start_IT
 .text.HAL_TIM_PWM_Stop_IT
                0x080089e4       0xb4 obj\debug\hal\src\stm32l0xx_hal_tim.o
                0x080089e4                HAL_TIM_PWM_Stop_IT
 .text.HAL_TIM_PWM_Start_DMA
                0x08008a98      0x1e4 obj\debug\hal\src\stm32l0xx_hal_tim.o
                0x08008a98                HAL_TIM_PWM_Start_DMA
 .text.HAL_TIM_PWM_Stop_DMA
                0x08008c7c       0xf4 obj\debug\hal\src\stm32l0xx_hal_tim.o
                0x08008c7c                HAL_TIM_PWM_Stop_DMA
 .text.HAL_TIM_IC_Init
                0x08008d70       0x58 obj\debug\hal\src\stm32l0xx_hal_tim.o
                0x08008d70                HAL_TIM_IC_Init
 .text.HAL_TIM_IC_DeInit
                0x08008dc8       0x54 obj\debug\hal\src\stm32l0xx_hal_tim.o
                0x08008dc8                HAL_TIM_IC_DeInit
 .text.HAL_TIM_IC_MspInit
                0x08008e1c       0x10 obj\debug\hal\src\stm32l0xx_hal_tim.o
                0x08008e1c                HAL_TIM_IC_MspInit
 .text.HAL_TIM_IC_MspDeInit
                0x08008e2c       0x10 obj\debug\hal\src\stm32l0xx_hal_tim.o
                0x08008e2c                HAL_TIM_IC_MspDeInit
 .text.HAL_TIM_IC_Start
                0x08008e3c       0x44 obj\debug\hal\src\stm32l0xx_hal_tim.o
                0x08008e3c                HAL_TIM_IC_Start
 .text.HAL_TIM_IC_Stop
                0x08008e80       0x44 obj\debug\hal\src\stm32l0xx_hal_tim.o
                0x08008e80                HAL_TIM_IC_Stop
 .text.HAL_TIM_IC_Start_IT
                0x08008ec4       0xb4 obj\debug\hal\src\stm32l0xx_hal_tim.o
                0x08008ec4                HAL_TIM_IC_Start_IT
 .text.HAL_TIM_IC_Stop_IT
                0x08008f78       0xb4 obj\debug\hal\src\stm32l0xx_hal_tim.o
                0x08008f78                HAL_TIM_IC_Stop_IT
 .text.HAL_TIM_IC_Start_DMA
                0x0800902c      0x1e4 obj\debug\hal\src\stm32l0xx_hal_tim.o
                0x0800902c                HAL_TIM_IC_Start_DMA
 .text.HAL_TIM_IC_Stop_DMA
                0x08009210       0xf4 obj\debug\hal\src\stm32l0xx_hal_tim.o
                0x08009210                HAL_TIM_IC_Stop_DMA
 .text.HAL_TIM_OnePulse_Init
                0x08009304       0x7a obj\debug\hal\src\stm32l0xx_hal_tim.o
                0x08009304                HAL_TIM_OnePulse_Init
 *fill*         0x0800937e        0x2 
 .text.HAL_TIM_OnePulse_DeInit
                0x08009380       0x54 obj\debug\hal\src\stm32l0xx_hal_tim.o
                0x08009380                HAL_TIM_OnePulse_DeInit
 .text.HAL_TIM_OnePulse_MspInit
                0x080093d4       0x10 obj\debug\hal\src\stm32l0xx_hal_tim.o
                0x080093d4                HAL_TIM_OnePulse_MspInit
 .text.HAL_TIM_OnePulse_MspDeInit
                0x080093e4       0x10 obj\debug\hal\src\stm32l0xx_hal_tim.o
                0x080093e4                HAL_TIM_OnePulse_MspDeInit
 .text.HAL_TIM_OnePulse_Start
                0x080093f4       0x30 obj\debug\hal\src\stm32l0xx_hal_tim.o
                0x080093f4                HAL_TIM_OnePulse_Start
 .text.HAL_TIM_OnePulse_Stop
                0x08009424       0x50 obj\debug\hal\src\stm32l0xx_hal_tim.o
                0x08009424                HAL_TIM_OnePulse_Stop
 .text.HAL_TIM_OnePulse_Start_IT
                0x08009474       0x50 obj\debug\hal\src\stm32l0xx_hal_tim.o
                0x08009474                HAL_TIM_OnePulse_Start_IT
 .text.HAL_TIM_OnePulse_Stop_IT
                0x080094c4       0x70 obj\debug\hal\src\stm32l0xx_hal_tim.o
                0x080094c4                HAL_TIM_OnePulse_Stop_IT
 .text.HAL_TIM_Encoder_Init
                0x08009534      0x128 obj\debug\hal\src\stm32l0xx_hal_tim.o
                0x08009534                HAL_TIM_Encoder_Init
 .text.HAL_TIM_Encoder_DeInit
                0x0800965c       0x54 obj\debug\hal\src\stm32l0xx_hal_tim.o
                0x0800965c                HAL_TIM_Encoder_DeInit
 .text.HAL_TIM_Encoder_MspInit
                0x080096b0       0x10 obj\debug\hal\src\stm32l0xx_hal_tim.o
                0x080096b0                HAL_TIM_Encoder_MspInit
 .text.HAL_TIM_Encoder_MspDeInit
                0x080096c0       0x10 obj\debug\hal\src\stm32l0xx_hal_tim.o
                0x080096c0                HAL_TIM_Encoder_MspDeInit
 .text.HAL_TIM_Encoder_Start
                0x080096d0       0x70 obj\debug\hal\src\stm32l0xx_hal_tim.o
                0x080096d0                HAL_TIM_Encoder_Start
 .text.HAL_TIM_Encoder_Stop
                0x08009740       0x80 obj\debug\hal\src\stm32l0xx_hal_tim.o
                0x08009740                HAL_TIM_Encoder_Stop
 .text.HAL_TIM_Encoder_Start_IT
                0x080097c0       0xb0 obj\debug\hal\src\stm32l0xx_hal_tim.o
                0x080097c0                HAL_TIM_Encoder_Start_IT
 .text.HAL_TIM_Encoder_Stop_IT
                0x08009870       0xc4 obj\debug\hal\src\stm32l0xx_hal_tim.o
                0x08009870                HAL_TIM_Encoder_Stop_IT
 .text.HAL_TIM_Encoder_Start_DMA
                0x08009934      0x218 obj\debug\hal\src\stm32l0xx_hal_tim.o
                0x08009934                HAL_TIM_Encoder_Start_DMA
 .text.HAL_TIM_Encoder_Stop_DMA
                0x08009b4c       0xf4 obj\debug\hal\src\stm32l0xx_hal_tim.o
                0x08009b4c                HAL_TIM_Encoder_Stop_DMA
 .text.HAL_TIM_IRQHandler
                0x08009c40      0x1d0 obj\debug\hal\src\stm32l0xx_hal_tim.o
                0x08009c40                HAL_TIM_IRQHandler
 .text.HAL_TIM_OC_ConfigChannel
                0x08009e10       0xac obj\debug\hal\src\stm32l0xx_hal_tim.o
                0x08009e10                HAL_TIM_OC_ConfigChannel
 .text.HAL_TIM_IC_ConfigChannel
                0x08009ebc      0x13c obj\debug\hal\src\stm32l0xx_hal_tim.o
                0x08009ebc                HAL_TIM_IC_ConfigChannel
 .text.HAL_TIM_PWM_ConfigChannel
                0x08009ff8      0x188 obj\debug\hal\src\stm32l0xx_hal_tim.o
                0x08009ff8                HAL_TIM_PWM_ConfigChannel
 .text.HAL_TIM_OnePulse_ConfigChannel
                0x0800a180      0x180 obj\debug\hal\src\stm32l0xx_hal_tim.o
                0x0800a180                HAL_TIM_OnePulse_ConfigChannel
 .text.HAL_TIM_DMABurst_WriteStart
                0x0800a300      0x270 obj\debug\hal\src\stm32l0xx_hal_tim.o
                0x0800a300                HAL_TIM_DMABurst_WriteStart
 .text.HAL_TIM_DMABurst_WriteStop
                0x0800a570      0x11c obj\debug\hal\src\stm32l0xx_hal_tim.o
                0x0800a570                HAL_TIM_DMABurst_WriteStop
 .text.HAL_TIM_DMABurst_ReadStart
                0x0800a68c      0x270 obj\debug\hal\src\stm32l0xx_hal_tim.o
                0x0800a68c                HAL_TIM_DMABurst_ReadStart
 .text.HAL_TIM_DMABurst_ReadStop
                0x0800a8fc      0x11c obj\debug\hal\src\stm32l0xx_hal_tim.o
                0x0800a8fc                HAL_TIM_DMABurst_ReadStop
 .text.HAL_TIM_GenerateEvent
                0x0800aa18       0x4a obj\debug\hal\src\stm32l0xx_hal_tim.o
                0x0800aa18                HAL_TIM_GenerateEvent
 *fill*         0x0800aa62        0x2 
 .text.HAL_TIM_ConfigOCrefClear
                0x0800aa64      0x17c obj\debug\hal\src\stm32l0xx_hal_tim.o
                0x0800aa64                HAL_TIM_ConfigOCrefClear
 .text.HAL_TIM_ConfigClockSource
                0x0800abe0      0x194 obj\debug\hal\src\stm32l0xx_hal_tim.o
                0x0800abe0                HAL_TIM_ConfigClockSource
 .text.HAL_TIM_ConfigTI1Input
                0x0800ad74       0x34 obj\debug\hal\src\stm32l0xx_hal_tim.o
                0x0800ad74                HAL_TIM_ConfigTI1Input
 .text.HAL_TIM_SlaveConfigSynchro
                0x0800ada8       0x8c obj\debug\hal\src\stm32l0xx_hal_tim.o
                0x0800ada8                HAL_TIM_SlaveConfigSynchro
 .text.HAL_TIM_SlaveConfigSynchro_IT
                0x0800ae34       0x8c obj\debug\hal\src\stm32l0xx_hal_tim.o
                0x0800ae34                HAL_TIM_SlaveConfigSynchro_IT
 .text.HAL_TIM_ReadCapturedValue
                0x0800aec0       0x68 obj\debug\hal\src\stm32l0xx_hal_tim.o
                0x0800aec0                HAL_TIM_ReadCapturedValue
 .text.HAL_TIM_PeriodElapsedCallback
                0x0800af28       0x10 obj\debug\hal\src\stm32l0xx_hal_tim.o
                0x0800af28                HAL_TIM_PeriodElapsedCallback
 .text.HAL_TIM_PeriodElapsedHalfCpltCallback
                0x0800af38       0x10 obj\debug\hal\src\stm32l0xx_hal_tim.o
                0x0800af38                HAL_TIM_PeriodElapsedHalfCpltCallback
 .text.HAL_TIM_OC_DelayElapsedCallback
                0x0800af48       0x10 obj\debug\hal\src\stm32l0xx_hal_tim.o
                0x0800af48                HAL_TIM_OC_DelayElapsedCallback
 .text.HAL_TIM_IC_CaptureCallback
                0x0800af58       0x10 obj\debug\hal\src\stm32l0xx_hal_tim.o
                0x0800af58                HAL_TIM_IC_CaptureCallback
 .text.HAL_TIM_IC_CaptureHalfCpltCallback
                0x0800af68       0x10 obj\debug\hal\src\stm32l0xx_hal_tim.o
                0x0800af68                HAL_TIM_IC_CaptureHalfCpltCallback
 .text.HAL_TIM_PWM_PulseFinishedCallback
                0x0800af78       0x10 obj\debug\hal\src\stm32l0xx_hal_tim.o
                0x0800af78                HAL_TIM_PWM_PulseFinishedCallback
 .text.HAL_TIM_PWM_PulseFinishedHalfCpltCallback
                0x0800af88       0x10 obj\debug\hal\src\stm32l0xx_hal_tim.o
                0x0800af88                HAL_TIM_PWM_PulseFinishedHalfCpltCallback
 .text.HAL_TIM_TriggerCallback
                0x0800af98       0x10 obj\debug\hal\src\stm32l0xx_hal_tim.o
                0x0800af98                HAL_TIM_TriggerCallback
 .text.HAL_TIM_TriggerHalfCpltCallback
                0x0800afa8       0x10 obj\debug\hal\src\stm32l0xx_hal_tim.o
                0x0800afa8                HAL_TIM_TriggerHalfCpltCallback
 .text.HAL_TIM_ErrorCallback
                0x0800afb8       0x10 obj\debug\hal\src\stm32l0xx_hal_tim.o
                0x0800afb8                HAL_TIM_ErrorCallback
 .text.HAL_TIM_Base_GetState
                0x0800afc8       0x18 obj\debug\hal\src\stm32l0xx_hal_tim.o
                0x0800afc8                HAL_TIM_Base_GetState
 .text.HAL_TIM_OC_GetState
                0x0800afe0       0x18 obj\debug\hal\src\stm32l0xx_hal_tim.o
                0x0800afe0                HAL_TIM_OC_GetState
 .text.HAL_TIM_PWM_GetState
                0x0800aff8       0x18 obj\debug\hal\src\stm32l0xx_hal_tim.o
                0x0800aff8                HAL_TIM_PWM_GetState
 .text.HAL_TIM_IC_GetState
                0x0800b010       0x18 obj\debug\hal\src\stm32l0xx_hal_tim.o
                0x0800b010                HAL_TIM_IC_GetState
 .text.HAL_TIM_OnePulse_GetState
                0x0800b028       0x18 obj\debug\hal\src\stm32l0xx_hal_tim.o
                0x0800b028                HAL_TIM_OnePulse_GetState
 .text.HAL_TIM_Encoder_GetState
                0x0800b040       0x18 obj\debug\hal\src\stm32l0xx_hal_tim.o
                0x0800b040                HAL_TIM_Encoder_GetState
 .text.TIM_DMAError
                0x0800b058       0x26 obj\debug\hal\src\stm32l0xx_hal_tim.o
                0x0800b058                TIM_DMAError
 .text.TIM_DMADelayPulseCplt
                0x0800b07e       0x72 obj\debug\hal\src\stm32l0xx_hal_tim.o
                0x0800b07e                TIM_DMADelayPulseCplt
 .text.TIM_DMADelayPulseHalfCplt
                0x0800b0f0       0x72 obj\debug\hal\src\stm32l0xx_hal_tim.o
                0x0800b0f0                TIM_DMADelayPulseHalfCplt
 .text.TIM_DMACaptureCplt
                0x0800b162       0x72 obj\debug\hal\src\stm32l0xx_hal_tim.o
                0x0800b162                TIM_DMACaptureCplt
 .text.TIM_DMACaptureHalfCplt
                0x0800b1d4       0x72 obj\debug\hal\src\stm32l0xx_hal_tim.o
                0x0800b1d4                TIM_DMACaptureHalfCplt
 .text.TIM_DMAPeriodElapsedCplt
                0x0800b246       0x26 obj\debug\hal\src\stm32l0xx_hal_tim.o
 .text.TIM_DMAPeriodElapsedHalfCplt
                0x0800b26c       0x26 obj\debug\hal\src\stm32l0xx_hal_tim.o
 .text.TIM_DMATriggerCplt
                0x0800b292       0x26 obj\debug\hal\src\stm32l0xx_hal_tim.o
 .text.TIM_DMATriggerHalfCplt
                0x0800b2b8       0x26 obj\debug\hal\src\stm32l0xx_hal_tim.o
 *fill*         0x0800b2de        0x2 
 .text.TIM_Base_SetConfig
                0x0800b2e0       0xa8 obj\debug\hal\src\stm32l0xx_hal_tim.o
 .text.TIM_OC1_SetConfig
                0x0800b388       0x78 obj\debug\hal\src\stm32l0xx_hal_tim.o
 .text.TIM_OC2_SetConfig
                0x0800b400       0x84 obj\debug\hal\src\stm32l0xx_hal_tim.o
 .text.TIM_OC3_SetConfig
                0x0800b484       0x80 obj\debug\hal\src\stm32l0xx_hal_tim.o
 .text.TIM_OC4_SetConfig
                0x0800b504       0x8c obj\debug\hal\src\stm32l0xx_hal_tim.o
 .text.TIM_SlaveTimer_SetConfig
                0x0800b590      0x112 obj\debug\hal\src\stm32l0xx_hal_tim.o
 *fill*         0x0800b6a2        0x2 
 .text.TIM_TI1_SetConfig
                0x0800b6a4       0xac obj\debug\hal\src\stm32l0xx_hal_tim.o
 .text.TIM_TI1_ConfigInputStage
                0x0800b750       0x5c obj\debug\hal\src\stm32l0xx_hal_tim.o
 .text.TIM_TI2_SetConfig
                0x0800b7ac       0x84 obj\debug\hal\src\stm32l0xx_hal_tim.o
 .text.TIM_TI2_ConfigInputStage
                0x0800b830       0x64 obj\debug\hal\src\stm32l0xx_hal_tim.o
 .text.TIM_TI3_SetConfig
                0x0800b894       0x80 obj\debug\hal\src\stm32l0xx_hal_tim.o
 .text.TIM_TI4_SetConfig
                0x0800b914       0x8c obj\debug\hal\src\stm32l0xx_hal_tim.o
 .text.TIM_ITRx_SetConfig
                0x0800b9a0       0x32 obj\debug\hal\src\stm32l0xx_hal_tim.o
 *fill*         0x0800b9d2        0x2 
 .text.TIM_ETR_SetConfig
                0x0800b9d4       0x40 obj\debug\hal\src\stm32l0xx_hal_tim.o
 .text.TIM_CCxChannelCmd
                0x0800ba14       0x46 obj\debug\hal\src\stm32l0xx_hal_tim.o
 .text.HAL_TIMEx_MasterConfigSynchronization
                0x0800ba5a       0x86 obj\debug\hal\src\stm32l0xx_hal_tim_ex.o
                0x0800ba5a                HAL_TIMEx_MasterConfigSynchronization
 .text.HAL_TIMEx_RemapConfig
                0x0800bae0       0x3a obj\debug\hal\src\stm32l0xx_hal_tim_ex.o
                0x0800bae0                HAL_TIMEx_RemapConfig
 *fill*         0x0800bb1a        0x2 
 .text.HAL_UART_Init
                0x0800bb1c       0xa8 obj\debug\hal\src\stm32l0xx_hal_uart.o
                0x0800bb1c                HAL_UART_Init
 .text.HAL_HalfDuplex_Init
                0x0800bbc4       0xb8 obj\debug\hal\src\stm32l0xx_hal_uart.o
                0x0800bbc4                HAL_HalfDuplex_Init
 .text.HAL_LIN_Init
                0x0800bc7c       0xf0 obj\debug\hal\src\stm32l0xx_hal_uart.o
                0x0800bc7c                HAL_LIN_Init
 .text.HAL_MultiProcessor_Init
                0x0800bd6c       0xf0 obj\debug\hal\src\stm32l0xx_hal_uart.o
                0x0800bd6c                HAL_MultiProcessor_Init
 .text.HAL_UART_DeInit
                0x0800be5c       0x6c obj\debug\hal\src\stm32l0xx_hal_uart.o
                0x0800be5c                HAL_UART_DeInit
 .text.HAL_UART_MspInit
                0x0800bec8       0x10 obj\debug\hal\src\stm32l0xx_hal_uart.o
                0x0800bec8                HAL_UART_MspInit
 .text.HAL_UART_MspDeInit
                0x0800bed8       0x10 obj\debug\hal\src\stm32l0xx_hal_uart.o
                0x0800bed8                HAL_UART_MspDeInit
 .text.HAL_UART_Transmit
                0x0800bee8      0x14e obj\debug\hal\src\stm32l0xx_hal_uart.o
                0x0800bee8                HAL_UART_Transmit
 *fill*         0x0800c036        0x2 
 .text.HAL_UART_Receive
                0x0800c038      0x1d4 obj\debug\hal\src\stm32l0xx_hal_uart.o
                0x0800c038                HAL_UART_Receive
 .text.HAL_UART_Transmit_IT
                0x0800c20c       0xdc obj\debug\hal\src\stm32l0xx_hal_uart.o
                0x0800c20c                HAL_UART_Transmit_IT
 .text.HAL_UART_Receive_IT
                0x0800c2e8      0x170 obj\debug\hal\src\stm32l0xx_hal_uart.o
                0x0800c2e8                HAL_UART_Receive_IT
 .text.HAL_UART_Transmit_DMA
                0x0800c458      0x120 obj\debug\hal\src\stm32l0xx_hal_uart.o
                0x0800c458                HAL_UART_Transmit_DMA
 .text.HAL_UART_Receive_DMA
                0x0800c578      0x130 obj\debug\hal\src\stm32l0xx_hal_uart.o
                0x0800c578                HAL_UART_Receive_DMA
 .text.HAL_UART_DMAPause
                0x0800c6a8       0xa8 obj\debug\hal\src\stm32l0xx_hal_uart.o
                0x0800c6a8                HAL_UART_DMAPause
 .text.HAL_UART_DMAResume
                0x0800c750       0x8a obj\debug\hal\src\stm32l0xx_hal_uart.o
                0x0800c750                HAL_UART_DMAResume
 .text.HAL_UART_DMAStop
                0x0800c7da       0xd6 obj\debug\hal\src\stm32l0xx_hal_uart.o
                0x0800c7da                HAL_UART_DMAStop
 .text.HAL_UART_Abort
                0x0800c8b0      0x11c obj\debug\hal\src\stm32l0xx_hal_uart.o
                0x0800c8b0                HAL_UART_Abort
 .text.HAL_UART_AbortTransmit
                0x0800c9cc       0x86 obj\debug\hal\src\stm32l0xx_hal_uart.o
                0x0800c9cc                HAL_UART_AbortTransmit
 *fill*         0x0800ca52        0x2 
 .text.HAL_UART_AbortReceive
                0x0800ca54       0xb4 obj\debug\hal\src\stm32l0xx_hal_uart.o
                0x0800ca54                HAL_UART_AbortReceive
 .text.HAL_UART_Abort_IT
                0x0800cb08      0x170 obj\debug\hal\src\stm32l0xx_hal_uart.o
                0x0800cb08                HAL_UART_Abort_IT
 .text.HAL_UART_AbortTransmit_IT
                0x0800cc78       0xac obj\debug\hal\src\stm32l0xx_hal_uart.o
                0x0800cc78                HAL_UART_AbortTransmit_IT
 .text.HAL_UART_AbortReceive_IT
                0x0800cd24       0xe0 obj\debug\hal\src\stm32l0xx_hal_uart.o
                0x0800cd24                HAL_UART_AbortReceive_IT
 .text.HAL_UART_IRQHandler
                0x0800ce04      0x248 obj\debug\hal\src\stm32l0xx_hal_uart.o
                0x0800ce04                HAL_UART_IRQHandler
 .text.HAL_UART_TxCpltCallback
                0x0800d04c       0x10 obj\debug\hal\src\stm32l0xx_hal_uart.o
                0x0800d04c                HAL_UART_TxCpltCallback
 .text.HAL_UART_TxHalfCpltCallback
                0x0800d05c       0x10 obj\debug\hal\src\stm32l0xx_hal_uart.o
                0x0800d05c                HAL_UART_TxHalfCpltCallback
 .text.HAL_UART_RxCpltCallback
                0x0800d06c       0x10 obj\debug\hal\src\stm32l0xx_hal_uart.o
                0x0800d06c                HAL_UART_RxCpltCallback
 .text.HAL_UART_RxHalfCpltCallback
                0x0800d07c       0x10 obj\debug\hal\src\stm32l0xx_hal_uart.o
                0x0800d07c                HAL_UART_RxHalfCpltCallback
 .text.HAL_UART_ErrorCallback
                0x0800d08c       0x10 obj\debug\hal\src\stm32l0xx_hal_uart.o
                0x0800d08c                HAL_UART_ErrorCallback
 .text.HAL_UART_AbortCpltCallback
                0x0800d09c       0x10 obj\debug\hal\src\stm32l0xx_hal_uart.o
                0x0800d09c                HAL_UART_AbortCpltCallback
 .text.HAL_UART_AbortTransmitCpltCallback
                0x0800d0ac       0x10 obj\debug\hal\src\stm32l0xx_hal_uart.o
                0x0800d0ac                HAL_UART_AbortTransmitCpltCallback
 .text.HAL_UART_AbortReceiveCpltCallback
                0x0800d0bc       0x10 obj\debug\hal\src\stm32l0xx_hal_uart.o
                0x0800d0bc                HAL_UART_AbortReceiveCpltCallback
 .text.HAL_MultiProcessor_EnableMuteMode
                0x0800d0cc       0x4e obj\debug\hal\src\stm32l0xx_hal_uart.o
                0x0800d0cc                HAL_MultiProcessor_EnableMuteMode
 *fill*         0x0800d11a        0x2 
 .text.HAL_MultiProcessor_DisableMuteMode
                0x0800d11c       0x50 obj\debug\hal\src\stm32l0xx_hal_uart.o
                0x0800d11c                HAL_MultiProcessor_DisableMuteMode
 .text.HAL_MultiProcessor_EnterMuteMode
                0x0800d16c       0x20 obj\debug\hal\src\stm32l0xx_hal_uart.o
                0x0800d16c                HAL_MultiProcessor_EnterMuteMode
 .text.HAL_HalfDuplex_EnableTransmitter
                0x0800d18c       0x5c obj\debug\hal\src\stm32l0xx_hal_uart.o
                0x0800d18c                HAL_HalfDuplex_EnableTransmitter
 .text.HAL_HalfDuplex_EnableReceiver
                0x0800d1e8       0x5c obj\debug\hal\src\stm32l0xx_hal_uart.o
                0x0800d1e8                HAL_HalfDuplex_EnableReceiver
 .text.HAL_LIN_SendBreak
                0x0800d244       0x4c obj\debug\hal\src\stm32l0xx_hal_uart.o
                0x0800d244                HAL_LIN_SendBreak
 .text.HAL_UART_GetState
                0x0800d290       0x22 obj\debug\hal\src\stm32l0xx_hal_uart.o
                0x0800d290                HAL_UART_GetState
 .text.HAL_UART_GetError
                0x0800d2b2       0x14 obj\debug\hal\src\stm32l0xx_hal_uart.o
                0x0800d2b2                HAL_UART_GetError
 *fill*         0x0800d2c6        0x2 
 .text.UART_SetConfig
                0x0800d2c8      0x630 obj\debug\hal\src\stm32l0xx_hal_uart.o
                0x0800d2c8                UART_SetConfig
 .text.UART_AdvFeatureConfig
                0x0800d8f8      0x168 obj\debug\hal\src\stm32l0xx_hal_uart.o
                0x0800d8f8                UART_AdvFeatureConfig
 .text.UART_CheckIdleState
                0x0800da60       0x88 obj\debug\hal\src\stm32l0xx_hal_uart.o
                0x0800da60                UART_CheckIdleState
 .text.UART_WaitOnFlagUntilTimeout
                0x0800dae8       0x94 obj\debug\hal\src\stm32l0xx_hal_uart.o
                0x0800dae8                UART_WaitOnFlagUntilTimeout
 .text.UART_EndTxTransfer
                0x0800db7c       0x26 obj\debug\hal\src\stm32l0xx_hal_uart.o
 *fill*         0x0800dba2        0x2 
 .text.UART_EndRxTransfer
                0x0800dba4       0x40 obj\debug\hal\src\stm32l0xx_hal_uart.o
 .text.UART_DMATransmitCplt
                0x0800dbe4       0x54 obj\debug\hal\src\stm32l0xx_hal_uart.o
 .text.UART_DMATxHalfCplt
                0x0800dc38       0x1e obj\debug\hal\src\stm32l0xx_hal_uart.o
 *fill*         0x0800dc56        0x2 
 .text.UART_DMAReceiveCplt
                0x0800dc58       0x6c obj\debug\hal\src\stm32l0xx_hal_uart.o
 .text.UART_DMARxHalfCplt
                0x0800dcc4       0x1e obj\debug\hal\src\stm32l0xx_hal_uart.o
 .text.UART_DMAError
                0x0800dce2       0x7e obj\debug\hal\src\stm32l0xx_hal_uart.o
 .text.UART_DMAAbortOnError
                0x0800dd60       0x2e obj\debug\hal\src\stm32l0xx_hal_uart.o
 .text.UART_DMATxAbortCallback
                0x0800dd8e       0x64 obj\debug\hal\src\stm32l0xx_hal_uart.o
 .text.UART_DMARxAbortCallback
                0x0800ddf2       0x74 obj\debug\hal\src\stm32l0xx_hal_uart.o
 .text.UART_DMATxOnlyAbortCallback
                0x0800de66       0x2c obj\debug\hal\src\stm32l0xx_hal_uart.o
 .text.UART_DMARxOnlyAbortCallback
                0x0800de92       0x44 obj\debug\hal\src\stm32l0xx_hal_uart.o
 .text.UART_TxISR_8BIT
                0x0800ded6       0x6e obj\debug\hal\src\stm32l0xx_hal_uart.o
 .text.UART_TxISR_16BIT
                0x0800df44       0x78 obj\debug\hal\src\stm32l0xx_hal_uart.o
 .text.UART_EndTransmit_IT
                0x0800dfbc       0x34 obj\debug\hal\src\stm32l0xx_hal_uart.o
 .text.UART_RxISR_8BIT
                0x0800dff0       0xb8 obj\debug\hal\src\stm32l0xx_hal_uart.o
 .text.UART_RxISR_16BIT
                0x0800e0a8       0xb8 obj\debug\hal\src\stm32l0xx_hal_uart.o
 .text.HAL_RS485Ex_Init
                0x0800e160       0xe0 obj\debug\hal\src\stm32l0xx_hal_uart_ex.o
                0x0800e160                HAL_RS485Ex_Init
 .text.HAL_UARTEx_WakeupCallback
                0x0800e240       0x10 obj\debug\hal\src\stm32l0xx_hal_uart_ex.o
                0x0800e240                HAL_UARTEx_WakeupCallback
 .text.HAL_UARTEx_EnableClockStopMode
                0x0800e250       0x42 obj\debug\hal\src\stm32l0xx_hal_uart_ex.o
                0x0800e250                HAL_UARTEx_EnableClockStopMode
 *fill*         0x0800e292        0x2 
 .text.HAL_UARTEx_DisableClockStopMode
                0x0800e294       0x44 obj\debug\hal\src\stm32l0xx_hal_uart_ex.o
                0x0800e294                HAL_UARTEx_DisableClockStopMode
 .text.HAL_MultiProcessorEx_AddressLength_Set
                0x0800e2d8       0x62 obj\debug\hal\src\stm32l0xx_hal_uart_ex.o
                0x0800e2d8                HAL_MultiProcessorEx_AddressLength_Set
 *fill*         0x0800e33a        0x2 
 .text.HAL_UARTEx_StopModeWakeUpSourceConfig
                0x0800e33c       0xcc obj\debug\hal\src\stm32l0xx_hal_uart_ex.o
                0x0800e33c                HAL_UARTEx_StopModeWakeUpSourceConfig
 .text.HAL_UARTEx_EnableStopMode
                0x0800e408       0x40 obj\debug\hal\src\stm32l0xx_hal_uart_ex.o
                0x0800e408                HAL_UARTEx_EnableStopMode
 .text.HAL_UARTEx_DisableStopMode
                0x0800e448       0x40 obj\debug\hal\src\stm32l0xx_hal_uart_ex.o
                0x0800e448                HAL_UARTEx_DisableStopMode
 .text.UARTEx_Wakeup_AddressConfig
                0x0800e488       0x48 obj\debug\hal\src\stm32l0xx_hal_uart_ex.o
 .text.HAL_USART_Init
                0x0800e4d0       0xa0 obj\debug\hal\src\stm32l0xx_hal_usart.o
                0x0800e4d0                HAL_USART_Init
 .text.HAL_USART_DeInit
                0x0800e570       0x5a obj\debug\hal\src\stm32l0xx_hal_usart.o
                0x0800e570                HAL_USART_DeInit
 .text.HAL_USART_MspInit
                0x0800e5ca       0x10 obj\debug\hal\src\stm32l0xx_hal_usart.o
                0x0800e5ca                HAL_USART_MspInit
 .text.HAL_USART_MspDeInit
                0x0800e5da       0x10 obj\debug\hal\src\stm32l0xx_hal_usart.o
                0x0800e5da                HAL_USART_MspDeInit
 .text.HAL_USART_Transmit
                0x0800e5ea      0x17c obj\debug\hal\src\stm32l0xx_hal_usart.o
                0x0800e5ea                HAL_USART_Transmit
 *fill*         0x0800e766        0x2 
 .text.HAL_USART_Receive
                0x0800e768      0x1e4 obj\debug\hal\src\stm32l0xx_hal_usart.o
                0x0800e768                HAL_USART_Receive
 .text.HAL_USART_TransmitReceive
                0x0800e94c      0x300 obj\debug\hal\src\stm32l0xx_hal_usart.o
                0x0800e94c                HAL_USART_TransmitReceive
 .text.HAL_USART_Transmit_IT
                0x0800ec4c       0xdc obj\debug\hal\src\stm32l0xx_hal_usart.o
                0x0800ec4c                HAL_USART_Transmit_IT
 .text.HAL_USART_Receive_IT
                0x0800ed28      0x16c obj\debug\hal\src\stm32l0xx_hal_usart.o
                0x0800ed28                HAL_USART_Receive_IT
 .text.HAL_USART_TransmitReceive_IT
                0x0800ee94      0x1a8 obj\debug\hal\src\stm32l0xx_hal_usart.o
                0x0800ee94                HAL_USART_TransmitReceive_IT
 .text.HAL_USART_Transmit_DMA
                0x0800f03c      0x138 obj\debug\hal\src\stm32l0xx_hal_usart.o
                0x0800f03c                HAL_USART_Transmit_DMA
 .text.HAL_USART_Receive_DMA
                0x0800f174      0x1c0 obj\debug\hal\src\stm32l0xx_hal_usart.o
                0x0800f174                HAL_USART_Receive_DMA
 .text.HAL_USART_TransmitReceive_DMA
                0x0800f334      0x1f4 obj\debug\hal\src\stm32l0xx_hal_usart.o
                0x0800f334                HAL_USART_TransmitReceive_DMA
 .text.HAL_USART_DMAPause
                0x0800f528       0xd8 obj\debug\hal\src\stm32l0xx_hal_usart.o
                0x0800f528                HAL_USART_DMAPause
 .text.HAL_USART_DMAResume
                0x0800f600       0xb4 obj\debug\hal\src\stm32l0xx_hal_usart.o
                0x0800f600                HAL_USART_DMAResume
 .text.HAL_USART_DMAStop
                0x0800f6b4       0xa2 obj\debug\hal\src\stm32l0xx_hal_usart.o
                0x0800f6b4                HAL_USART_DMAStop
 *fill*         0x0800f756        0x2 
 .text.HAL_USART_Abort
                0x0800f758      0x114 obj\debug\hal\src\stm32l0xx_hal_usart.o
                0x0800f758                HAL_USART_Abort
 .text.HAL_USART_Abort_IT
                0x0800f86c      0x15c obj\debug\hal\src\stm32l0xx_hal_usart.o
                0x0800f86c                HAL_USART_Abort_IT
 .text.HAL_USART_IRQHandler
                0x0800f9c8      0x23c obj\debug\hal\src\stm32l0xx_hal_usart.o
                0x0800f9c8                HAL_USART_IRQHandler
 .text.HAL_USART_TxCpltCallback
                0x0800fc04       0x10 obj\debug\hal\src\stm32l0xx_hal_usart.o
                0x0800fc04                HAL_USART_TxCpltCallback
 .text.HAL_USART_TxHalfCpltCallback
                0x0800fc14       0x10 obj\debug\hal\src\stm32l0xx_hal_usart.o
                0x0800fc14                HAL_USART_TxHalfCpltCallback
 .text.HAL_USART_RxCpltCallback
                0x0800fc24       0x10 obj\debug\hal\src\stm32l0xx_hal_usart.o
                0x0800fc24                HAL_USART_RxCpltCallback
 .text.HAL_USART_RxHalfCpltCallback
                0x0800fc34       0x10 obj\debug\hal\src\stm32l0xx_hal_usart.o
                0x0800fc34                HAL_USART_RxHalfCpltCallback
 .text.HAL_USART_TxRxCpltCallback
                0x0800fc44       0x10 obj\debug\hal\src\stm32l0xx_hal_usart.o
                0x0800fc44                HAL_USART_TxRxCpltCallback
 .text.HAL_USART_ErrorCallback
                0x0800fc54       0x10 obj\debug\hal\src\stm32l0xx_hal_usart.o
                0x0800fc54                HAL_USART_ErrorCallback
 .text.HAL_USART_AbortCpltCallback
                0x0800fc64       0x10 obj\debug\hal\src\stm32l0xx_hal_usart.o
                0x0800fc64                HAL_USART_AbortCpltCallback
 .text.HAL_USART_GetState
                0x0800fc74       0x18 obj\debug\hal\src\stm32l0xx_hal_usart.o
                0x0800fc74                HAL_USART_GetState
 .text.HAL_USART_GetError
                0x0800fc8c       0x14 obj\debug\hal\src\stm32l0xx_hal_usart.o
                0x0800fc8c                HAL_USART_GetError
 .text.USART_EndTransfer
                0x0800fca0       0x3c obj\debug\hal\src\stm32l0xx_hal_usart.o
 .text.USART_DMATransmitCplt
                0x0800fcdc       0x6a obj\debug\hal\src\stm32l0xx_hal_usart.o
 .text.USART_DMATxHalfCplt
                0x0800fd46       0x1e obj\debug\hal\src\stm32l0xx_hal_usart.o
 .text.USART_DMAReceiveCplt
                0x0800fd64       0xb4 obj\debug\hal\src\stm32l0xx_hal_usart.o
 .text.USART_DMARxHalfCplt
                0x0800fe18       0x1e obj\debug\hal\src\stm32l0xx_hal_usart.o
 .text.USART_DMAError
                0x0800fe36       0x46 obj\debug\hal\src\stm32l0xx_hal_usart.o
 .text.USART_DMAAbortOnError
                0x0800fe7c       0x2a obj\debug\hal\src\stm32l0xx_hal_usart.o
 .text.USART_DMATxAbortCallback
                0x0800fea6       0x5c obj\debug\hal\src\stm32l0xx_hal_usart.o
 .text.USART_DMARxAbortCallback
                0x0800ff02       0x5c obj\debug\hal\src\stm32l0xx_hal_usart.o
 .text.USART_WaitOnFlagUntilTimeout
                0x0800ff5e       0x6a obj\debug\hal\src\stm32l0xx_hal_usart.o
 .text.USART_SetConfig
                0x0800ffc8      0x2a4 obj\debug\hal\src\stm32l0xx_hal_usart.o
 .text.USART_CheckIdleState
                0x0801026c       0x88 obj\debug\hal\src\stm32l0xx_hal_usart.o
 .text.USART_TxISR_8BIT
                0x080102f4       0x7e obj\debug\hal\src\stm32l0xx_hal_usart.o
 .text.USART_TxISR_16BIT
                0x08010372       0x88 obj\debug\hal\src\stm32l0xx_hal_usart.o
 .text.USART_EndTransmit_IT
                0x080103fa       0x86 obj\debug\hal\src\stm32l0xx_hal_usart.o
 .text.USART_RxISR_8BIT
                0x08010480      0x100 obj\debug\hal\src\stm32l0xx_hal_usart.o
 .text.USART_RxISR_16BIT
                0x08010580      0x100 obj\debug\hal\src\stm32l0xx_hal_usart.o
 .text.bootloader_api_test_function
                0x08010680        0xa obj\debug\src\bootloader_api_push.o
                0x08010680                bootloader_api_test_function
 *fill*         0x0801068a        0x2 
 .text.move_vector_table
                0x0801068c       0x60 obj\debug\src\bootloader_utils.o
                0x0801068c                move_vector_table
 .text.bootloader_mode_handler
                0x080106ec      0x420 obj\debug\src\bootloader_utils.o
                0x080106ec                bootloader_mode_handler
 .text.NVIC_Disable
                0x08010b0c       0x1a obj\debug\src\bootloader_utils.o
                0x08010b0c                NVIC_Disable
 *fill*         0x08010b26        0x2 
 .text.JumpToApplication
                0x08010b28       0x3c obj\debug\src\bootloader_utils.o
                0x08010b28                JumpToApplication
 .text.get_convert_string
                0x08010b64       0x10 obj\debug\src\convert.o
                0x08010b64                get_convert_string
 .text.swap     0x08010b74       0x2c obj\debug\src\convert.o
 .text.reverse  0x08010ba0       0x46 obj\debug\src\convert.o
 *fill*         0x08010be6        0x2 
 .text.itoa2_int16
                0x08010be8      0x184 obj\debug\src\convert.o
                0x08010be8                itoa2_int16
 .text.itoa2_int32
                0x08010d6c      0x160 obj\debug\src\convert.o
                0x08010d6c                itoa2_int32
 .text.itoa2_uint32
                0x08010ecc      0x148 obj\debug\src\convert.o
                0x08010ecc                itoa2_uint32
 .text.drv_clock_config
                0x08011014       0xec obj\debug\src\drv_clock.o
                0x08011014                drv_clock_config
 .text.drv_clock_config_lp
                0x08011100       0xd8 obj\debug\src\drv_clock.o
                0x08011100                drv_clock_config_lp
 .text.drv_clock_deinit
                0x080111d8       0x64 obj\debug\src\drv_clock.o
                0x080111d8                drv_clock_deinit
 .text.drv_flash_unlock
                0x0801123c       0x58 obj\debug\src\drv_flash.o
                0x0801123c                drv_flash_unlock
 .text.drv_flash_lock
                0x08011294       0x34 obj\debug\src\drv_flash.o
                0x08011294                drv_flash_lock
 .text.drv_flash_erase
                0x080112c8       0x8c obj\debug\src\drv_flash.o
                0x080112c8                drv_flash_erase
 .text.drv_flash_write
                0x08011354      0x128 obj\debug\src\drv_flash.o
                0x08011354                drv_flash_write
 .text.drv_flash_read
                0x0801147c       0x48 obj\debug\src\drv_flash.o
                0x0801147c                drv_flash_read
 .text.com_serial_port_struct_clear
                0x080114c4       0x1e obj\debug\src\drv_serial_port.o
                0x080114c4                com_serial_port_struct_clear
 *fill*         0x080114e2        0x2 
 .text.init_com_serial_port_driver
                0x080114e4       0x58 obj\debug\src\drv_serial_port.o
                0x080114e4                init_com_serial_port_driver
 .text.com_serial_tx_stop
                0x0801153c       0x26 obj\debug\src\drv_serial_port.o
                0x0801153c                com_serial_tx_stop
 *fill*         0x08011562        0x2 
 .text.is_com_serial_tx_ready
                0x08011564       0x74 obj\debug\src\drv_serial_port.o
                0x08011564                is_com_serial_tx_ready
 .text.com_serial_tx_start
                0x080115d8       0xc8 obj\debug\src\drv_serial_port.o
                0x080115d8                com_serial_tx_start
 .text.com_serial_tx_clear
                0x080116a0       0x26 obj\debug\src\drv_serial_port.o
                0x080116a0                com_serial_tx_clear
 .text.com_serial_tx_add_byte
                0x080116c6       0x52 obj\debug\src\drv_serial_port.o
                0x080116c6                com_serial_tx_add_byte
 .text.com_serial_tx_add_array
                0x08011718       0x84 obj\debug\src\drv_serial_port.o
                0x08011718                com_serial_tx_add_array
 .text.com_serial_tx_add_string
                0x0801179c       0x76 obj\debug\src\drv_serial_port.o
                0x0801179c                com_serial_tx_add_string
 *fill*         0x08011812        0x2 
 .text.com_serial_tx_send_string
                0x08011814       0x68 obj\debug\src\drv_serial_port.o
                0x08011814                com_serial_tx_send_string
 .text.com_serial_tx_send_slip_packet
                0x0801187c       0x70 obj\debug\src\drv_serial_port.o
                0x0801187c                com_serial_tx_send_slip_packet
 .text.com_serial_rx_read_data
                0x080118ec       0x46 obj\debug\src\drv_serial_port.o
                0x080118ec                com_serial_rx_read_data
 *fill*         0x08011932        0x2 
 .text.com_serial_clear
                0x08011934       0x7c obj\debug\src\drv_serial_port.o
                0x08011934                com_serial_clear
 .text.sim_buffer_clear
                0x080119b0       0x6c obj\debug\src\drv_serial_port.o
                0x080119b0                sim_buffer_clear
 .text.get_sim_data
                0x08011a1c       0x74 obj\debug\src\drv_serial_port.o
                0x08011a1c                get_sim_data
 .text.com_serial_tx_irq_SIM800
                0x08011a90       0xa6 obj\debug\src\drv_serial_port.o
                0x08011a90                com_serial_tx_irq_SIM800
 *fill*         0x08011b36        0x2 
 .text.com_serial_tx_irq_USB
                0x08011b38      0x39c obj\debug\src\drv_serial_port.o
                0x08011b38                com_serial_tx_irq_USB
 .text.com_serial_rx_irq_SIM800
                0x08011ed4       0xb8 obj\debug\src\drv_serial_port.o
                0x08011ed4                com_serial_rx_irq_SIM800
 .text.com_serial_rx_irq_USB
                0x08011f8c      0x298 obj\debug\src\drv_serial_port.o
                0x08011f8c                com_serial_rx_irq_USB
 .text.drv_uart_init
                0x08012224       0xe8 obj\debug\src\drv_uart.o
                0x08012224                drv_uart_init
 .text.drv_uart_deinit
                0x0801230c       0x80 obj\debug\src\drv_uart.o
                0x0801230c                drv_uart_deinit
 .text.USART1_IRQHandler
                0x0801238c       0x98 obj\debug\src\drv_uart.o
                0x0801238c                USART1_IRQHandler
 .text.com_serial_generate_tx
                0x08012424       0x44 obj\debug\src\drv_uart.o
                0x08012424                com_serial_generate_tx
 .text.uart_send
                0x08012468       0x24 obj\debug\src\drv_uart.o
                0x08012468                uart_send
 .text.drv_usb_disconnect
                0x0801248c      0x10c obj\debug\src\drv_usb_main.o